Archive member included to satisfy reference by file (symbol)

/home/dhinesh/MCCI-IoT/Wakefield/20220408/COLLECTION-fed3wan/build/Catena4610_FED3-v1.0.0-ttn-us915-default-clk16-serboth-mcci_test/boot/arm-none-eabi/release/libmcci_bootloader.a(mccibootloader_main.o)
                              (McciBootloader_main)
/home/dhinesh/MCCI-IoT/Wakefield/20220408/COLLECTION-fed3wan/build/Catena4610_FED3-v1.0.0-ttn-us915-default-clk16-serboth-mcci_test/boot/arm-none-eabi/release/libmcci_bootloader.a(mccibootloader_programandcheckflash.o)
                              /home/dhinesh/MCCI-IoT/Wakefield/20220408/COLLECTION-fed3wan/build/Catena4610_FED3-v1.0.0-ttn-us915-default-clk16-serboth-mcci_test/boot/arm-none-eabi/release/libmcci_bootloader.a(mccibootloader_main.o) (McciBootloader_programAndCheckFlash)
/home/dhinesh/MCCI-IoT/Wakefield/20220408/COLLECTION-fed3wan/build/Catena4610_FED3-v1.0.0-ttn-us915-default-clk16-serboth-mcci_test/boot/arm-none-eabi/release/libmcci_bootloader.a(mccibootloaderplatform_entry.o)
                              /home/dhinesh/MCCI-IoT/Wakefield/20220408/COLLECTION-fed3wan/build/Catena4610_FED3-v1.0.0-ttn-us915-default-clk16-serboth-mcci_test/boot/arm-none-eabi/release/libmcci_bootloader.a(mccibootloader_main.o) (McciBootloaderPlatform_entry)
/home/dhinesh/MCCI-IoT/Wakefield/20220408/COLLECTION-fed3wan/build/Catena4610_FED3-v1.0.0-ttn-us915-default-clk16-serboth-mcci_test/boot/arm-none-eabi/release/libmcci_bootloader.a(mccibootloaderplatform_fail.o)
                              /home/dhinesh/MCCI-IoT/Wakefield/20220408/COLLECTION-fed3wan/build/Catena4610_FED3-v1.0.0-ttn-us915-default-clk16-serboth-mcci_test/boot/arm-none-eabi/release/libmcci_bootloader.a(mccibootloader_main.o) (McciBootloaderPlatform_fail)
/home/dhinesh/MCCI-IoT/Wakefield/20220408/COLLECTION-fed3wan/build/Catena4610_FED3-v1.0.0-ttn-us915-default-clk16-serboth-mcci_test/boot/arm-none-eabi/release/libmcci_bootloader.a(mccibootloader_checkcodevalid.o)
                              /home/dhinesh/MCCI-IoT/Wakefield/20220408/COLLECTION-fed3wan/build/Catena4610_FED3-v1.0.0-ttn-us915-default-clk16-serboth-mcci_test/boot/arm-none-eabi/release/libmcci_bootloader.a(mccibootloader_main.o) (McciBootloader_checkCodeValid)
/home/dhinesh/MCCI-IoT/Wakefield/20220408/COLLECTION-fed3wan/build/Catena4610_FED3-v1.0.0-ttn-us915-default-clk16-serboth-mcci_test/boot/arm-none-eabi/release/libmcci_bootloader.a(mccibootloader_checkstorageimage.o)
                              /home/dhinesh/MCCI-IoT/Wakefield/20220408/COLLECTION-fed3wan/build/Catena4610_FED3-v1.0.0-ttn-us915-default-clk16-serboth-mcci_test/boot/arm-none-eabi/release/libmcci_bootloader.a(mccibootloader_main.o) (McciBootloader_checkStorageImage)
/home/dhinesh/MCCI-IoT/Wakefield/20220408/COLLECTION-fed3wan/build/Catena4610_FED3-v1.0.0-ttn-us915-default-clk16-serboth-mcci_test/boot/arm-none-eabi/release/libmcci_tweetnacl.a(mcci_tweetnacl.o)
                              /home/dhinesh/MCCI-IoT/Wakefield/20220408/COLLECTION-fed3wan/build/Catena4610_FED3-v1.0.0-ttn-us915-default-clk16-serboth-mcci_test/boot/arm-none-eabi/release/libmcci_bootloader.a(mccibootloader_checkstorageimage.o) (crypto_verify_32_tweet)
/home/dhinesh/MCCI-IoT/Wakefield/20220408/COLLECTION-fed3wan/build/Catena4610_FED3-v1.0.0-ttn-us915-default-clk16-serboth-mcci_test/boot/arm-none-eabi/release/libmcci_tweetnacl.a(mcci_tweetnacl_hal_randombytes.o)
                              /home/dhinesh/MCCI-IoT/Wakefield/20220408/COLLECTION-fed3wan/build/Catena4610_FED3-v1.0.0-ttn-us915-default-clk16-serboth-mcci_test/boot/arm-none-eabi/release/libmcci_tweetnacl.a(mcci_tweetnacl.o) (mcci_tweetnacl_hal_randombytes)
/home/dhinesh/.arduino15/packages/mcci/tools/arm-none-eabi-gcc/6-2017-q2-update/bin/../lib/gcc/arm-none-eabi/6.3.1/thumb/v6-m/libgcc.a(_muldi3.o)
                              /home/dhinesh/MCCI-IoT/Wakefield/20220408/COLLECTION-fed3wan/build/Catena4610_FED3-v1.0.0-ttn-us915-default-clk16-serboth-mcci_test/boot/arm-none-eabi/release/libmcci_tweetnacl.a(mcci_tweetnacl.o) (__aeabi_lmul)
/home/dhinesh/.arduino15/packages/mcci/tools/arm-none-eabi-gcc/6-2017-q2-update/bin/../lib/gcc/arm-none-eabi/6.3.1/../../../../arm-none-eabi/lib/thumb/v6-m/libc.a(lib_a-memcpy-stub.o)
                              /home/dhinesh/MCCI-IoT/Wakefield/20220408/COLLECTION-fed3wan/build/Catena4610_FED3-v1.0.0-ttn-us915-default-clk16-serboth-mcci_test/boot/arm-none-eabi/release/libmcci_bootloader.a(mccibootloaderplatform_entry.o) (memcpy)
/home/dhinesh/.arduino15/packages/mcci/tools/arm-none-eabi-gcc/6-2017-q2-update/bin/../lib/gcc/arm-none-eabi/6.3.1/../../../../arm-none-eabi/lib/thumb/v6-m/libc.a(lib_a-memset.o)
                              /home/dhinesh/MCCI-IoT/Wakefield/20220408/COLLECTION-fed3wan/build/Catena4610_FED3-v1.0.0-ttn-us915-default-clk16-serboth-mcci_test/boot/arm-none-eabi/release/libmcci_bootloader.a(mccibootloaderplatform_entry.o) (memset)
[...]
Memory Configuration

Name             Origin             Length             Attributes
FLASH            0x0000000008000000 0x0000000000005000 xr
EEPROM           0x00000000080817fc 0x0000000000000004 rw
RAM              0x0000000020003000 0x0000000000002000 xrw
*default*        0x0000000000000000 0xffffffffffffffff

Linker script and memory map

START GROUP
LOAD /home/dhinesh/MCCI-IoT/Wakefield/20220408/COLLECTION-fed3wan/build/Catena4610_FED3-v1.0.0-ttn-us915-default-clk16-serboth-mcci_test/boot/arm-none-eabi/release/libmcci_bootloader_cm0plus.a
LOAD /home/dhinesh/MCCI-IoT/Wakefield/20220408/COLLECTION-fed3wan/build/Catena4610_FED3-v1.0.0-ttn-us915-default-clk16-serboth-mcci_test/boot/arm-none-eabi/release/libmcci_bootloader_stm32l0.a
LOAD /home/dhinesh/MCCI-IoT/Wakefield/20220408/COLLECTION-fed3wan/build/Catena4610_FED3-v1.0.0-ttn-us915-default-clk16-serboth-mcci_test/boot/arm-none-eabi/release/libmcci_bootloader_catena_abz.a
LOAD /home/dhinesh/MCCI-IoT/Wakefield/20220408/COLLECTION-fed3wan/build/Catena4610_FED3-v1.0.0-ttn-us915-default-clk16-serboth-mcci_test/boot/arm-none-eabi/release/libmcci_bootloader_flash_mx25v8035f.a
LOAD /home/dhinesh/MCCI-IoT/Wakefield/20220408/COLLECTION-fed3wan/build/Catena4610_FED3-v1.0.0-ttn-us915-default-clk16-serboth-mcci_test/boot/arm-none-eabi/release/libmcci_bootloader_catena4801.a
LOAD /home/dhinesh/MCCI-IoT/Wakefield/20220408/COLLECTION-fed3wan/build/Catena4610_FED3-v1.0.0-ttn-us915-default-clk16-serboth-mcci_test/boot/arm-none-eabi/release/libmcci_bootloader.a
LOAD /home/dhinesh/MCCI-IoT/Wakefield/20220408/COLLECTION-fed3wan/build/Catena4610_FED3-v1.0.0-ttn-us915-default-clk16-serboth-mcci_test/boot/arm-none-eabi/release/libmcci_tweetnacl.a
LOAD /home/dhinesh/.arduino15/packages/mcci/tools/arm-none-eabi-gcc/6-2017-q2-update/bin/../lib/gcc/arm-none-eabi/6.3.1/thumb/v6-m/libgcc.a
LOAD /home/dhinesh/.arduino15/packages/mcci/tools/arm-none-eabi-gcc/6-2017-q2-update/bin/../lib/gcc/arm-none-eabi/6.3.1/../../../../arm-none-eabi/lib/thumb/v6-m/libc.a
END GROUP
                0x0000000020000000                g_McciBootloader_SocRamBase = 0x20000000
                0x0000000000005000                g_McciBootloader_SocRamSize = 0x5000
                0x0000000020005000                g_McciBootloader_SocRamTop = (g_McciBootloader_SocRamBase + g_McciBootloader_SocRamSize)
                0x0000000008000000                gk_McciBootloader_FlashBase = 0x8000000
                0x0000000000030000                gk_McciBootloader_FlashSize = 0x30000
                0x0000000008080000                g_McciBootloader_SocEepromBase = 0x8080000
                0x0000000000001800                gk_McciBootloader_SocEepromSize = 0x1800
                0x0000000000005000                gk_McciBootloader_BootSize = 0x5000
                0x0000000000001000                gk_McciBootloader_MfgSize = 0x1000
                0x0000000000002000                gk_McciBootloader_WorkingRamSize = 0x2000
                0x0000000020003000                g_McciBootloader_WorkingRamBase = (g_McciBootloader_SocRamTop - gk_McciBootloader_WorkingRamSize)
                0x000000000002a000                gk_McciBootloader_AppSize = (gk_McciBootloader_FlashSize - (gk_McciBootloader_BootSize + gk_McciBootloader_MfgSize))
                0x0000000000000004                gk_McciBootloader_BootEepromSize = 0x4
                0x00000000080817fc                g_McciBootloader_BootEepromBase = ((g_McciBootloader_SocEepromBase + gk_McciBootloader_SocEepromSize) - gk_McciBootloader_BootEepromSize)
                0x0000000008081800                g_McciBootloader_BootEepromTop = (g_McciBootloader_BootEepromBase + gk_McciBootloader_BootEepromSize)
                0x0000000020005000                g_McciBootloader_StackTop = (g_McciBootloader_SocRamBase + g_McciBootloader_SocRamSize)
                0x0000000008000000                gk_McciBootloader_BootBase = gk_McciBootloader_FlashBase
                0x0000000008005000                gk_McciBootloader_BootTop = (gk_McciBootloader_BootBase + gk_McciBootloader_BootSize)
                0x0000000008005000                gk_McciBootloader_AppBase = gk_McciBootloader_BootTop
                0x000000000802f000                gk_McciBootloader_AppTop = (gk_McciBootloader_AppBase + gk_McciBootloader_AppSize)
                0x000000000802f000                gk_McciBootloader_MfgBase = gk_McciBootloader_AppTop
                0x0000000008030000                gk_McciBootloader_MfgTop = (gk_McciBootloader_MfgBase + gk_McciBootloader_MfgSize)

.McciBootloader_Header
                0x0000000008000000      0x100
                0x0000000008000000                . = ALIGN (0x4)
 *(.McciBootloader_Vectors)
 .McciBootloader_Vectors
                0x0000000008000000      0x100 /home/dhinesh/MCCI-IoT/Wakefield/20220408/COLLECTION-fed3wan/build/Catena4610_FED3-v1.0.0-ttn-us915-default-clk16-serboth-mcci_test/boot/arm-none-eabi/release/libmcci_bootloader_catena_abz.a(mccibootloaderboard_catenaabz_vectors.o)
                0x0000000008000000                gk_McciBootloader_CortexVectors
 *(.McciBootloader_Header)
                0x0000000008000100                . = ALIGN (0x4)

.text           0x0000000008000100     0x2850
                0x0000000008000100                . = ALIGN (0x4)
 *(.text)
 .text          0x0000000008000100       0x54 /home/dhinesh/.arduino15/packages/mcci/tools/arm-none-eabi-gcc/6-2017-q2-update/bin/../lib/gcc/arm-none-eabi/6.3.1/thumb/v6-m/libgcc.a(_muldi3.o)
                0x0000000008000100                __aeabi_lmul
                0x0000000008000100                __muldi3
 .text          0x0000000008000154       0x14 /home/dhinesh/.arduino15/packages/mcci/tools/arm-none-eabi-gcc/6-2017-q2-update/bin/../lib/gcc/arm-none-eabi/6.3.1/thumb/v6-m/libgcc.a(_thumb1_case_uqi.o)
                0x0000000008000154                __gnu_thumb1_case_uqi
 *(.text*)
 .text.McciBootloaderPlatform_setUpdateFlag.constprop.1
                0x0000000008000168       0x10 /home/dhinesh/MCCI-IoT/Wakefield/20220408/COLLECTION-fed3wan/build/Catena4610_FED3-v1.0.0-ttn-us915-default-clk16-serboth-mcci_test/boot/arm-none-eabi/release/libmcci_bootloader.a(mccibootloader_main.o)
 .text.McciBootloader_main
                0x0000000008000178       0xfc /home/dhinesh/MCCI-IoT/Wakefield/20220408/COLLECTION-fed3wan/build/Catena4610_FED3-v1.0.0-ttn-us915-default-clk16-serboth-mcci_test/boot/arm-none-eabi/release/libmcci_bootloader.a(mccibootloader_main.o)
                0x0000000008000178                McciBootloader_main
 .text.McciBootloader_programAndCheckFlash
                0x0000000008000274       0x98 /home/dhinesh/MCCI-IoT/Wakefield/20220408/COLLECTION-fed3wan/build/Catena4610_FED3-v1.0.0-ttn-us915-default-clk16-serboth-mcci_test/boot/arm-none-eabi/release/libmcci_bootloader.a(mccibootloader_programandcheckflash.o)
                0x0000000008000274                McciBootloader_programAndCheckFlash
 .text.McciBootloaderPlatform_entry
                0x000000000800030c       0x3c /home/dhinesh/MCCI-IoT/Wakefield/20220408/COLLECTION-fed3wan/build/Catena4610_FED3-v1.0.0-ttn-us915-default-clk16-serboth-mcci_test/boot/arm-none-eabi/release/libmcci_bootloader.a(mccibootloaderplatform_entry.o)
                0x000000000800030c                McciBootloaderPlatform_entry
 .text.McciBootloaderPlatform_fail
                0x0000000008000348       0x14 /home/dhinesh/MCCI-IoT/Wakefield/20220408/COLLECTION-fed3wan/build/Catena4610_FED3-v1.0.0-ttn-us915-default-clk16-serboth-mcci_test/boot/arm-none-eabi/release/libmcci_bootloader.a(mccibootloaderplatform_fail.o)
                0x0000000008000348                McciBootloaderPlatform_fail
 .text.McciBootloader_checkCodeValid
                0x000000000800035c       0x38 /home/dhinesh/MCCI-IoT/Wakefield/20220408/COLLECTION-fed3wan/build/Catena4610_FED3-v1.0.0-ttn-us915-default-clk16-serboth-mcci_test/boot/arm-none-eabi/release/libmcci_bootloader.a(mccibootloader_checkcodevalid.o)
                0x000000000800035c                McciBootloader_checkCodeValid
 .text.McciBootloader_checkStorageImage
                0x0000000008000394      0x13c /home/dhinesh/MCCI-IoT/Wakefield/20220408/COLLECTION-fed3wan/build/Catena4610_FED3-v1.0.0-ttn-us915-default-clk16-serboth-mcci_test/boot/arm-none-eabi/release/libmcci_bootloader.a(mccibootloader_checkstorageimage.o)
                0x0000000008000394                McciBootloader_checkStorageImage
 .text.car25519
                0x00000000080004d0       0xe4 /home/dhinesh/MCCI-IoT/Wakefield/20220408/COLLECTION-fed3wan/build/Catena4610_FED3-v1.0.0-ttn-us915-default-clk16-serboth-mcci_test/boot/arm-none-eabi/release/libmcci_tweetnacl.a(mcci_tweetnacl.o)
 .text.sel25519
                0x00000000080005b4       0x48 /home/dhinesh/MCCI-IoT/Wakefield/20220408/COLLECTION-fed3wan/build/Catena4610_FED3-v1.0.0-ttn-us915-default-clk16-serboth-mcci_test/boot/arm-none-eabi/release/libmcci_tweetnacl.a(mcci_tweetnacl.o)
 .text.pack25519
                0x00000000080005fc      0x140 /home/dhinesh/MCCI-IoT/Wakefield/20220408/COLLECTION-fed3wan/build/Catena4610_FED3-v1.0.0-ttn-us915-default-clk16-serboth-mcci_test/boot/arm-none-eabi/release/libmcci_tweetnacl.a(mcci_tweetnacl.o)
 .text.neq25519
                0x000000000800073c       0x38 /home/dhinesh/MCCI-IoT/Wakefield/20220408/COLLECTION-fed3wan/build/Catena4610_FED3-v1.0.0-ttn-us915-default-clk16-serboth-mcci_test/boot/arm-none-eabi/release/libmcci_tweetnacl.a(mcci_tweetnacl.o)
 .text.unpack25519
                0x0000000008000774       0x40 /home/dhinesh/MCCI-IoT/Wakefield/20220408/COLLECTION-fed3wan/build/Catena4610_FED3-v1.0.0-ttn-us915-default-clk16-serboth-mcci_test/boot/arm-none-eabi/release/libmcci_tweetnacl.a(mcci_tweetnacl.o)
 .text.M        0x00000000080007b4       0xc0 /home/dhinesh/MCCI-IoT/Wakefield/20220408/COLLECTION-fed3wan/build/Catena4610_FED3-v1.0.0-ttn-us915-default-clk16-serboth-mcci_test/boot/arm-none-eabi/release/libmcci_tweetnacl.a(mcci_tweetnacl.o)
 .text.inv25519
                0x0000000008000874       0x64 /home/dhinesh/MCCI-IoT/Wakefield/20220408/COLLECTION-fed3wan/build/Catena4610_FED3-v1.0.0-ttn-us915-default-clk16-serboth-mcci_test/boot/arm-none-eabi/release/libmcci_tweetnacl.a(mcci_tweetnacl.o)
 .text.add      0x00000000080008d8      0x1dc /home/dhinesh/MCCI-IoT/Wakefield/20220408/COLLECTION-fed3wan/build/Catena4610_FED3-v1.0.0-ttn-us915-default-clk16-serboth-mcci_test/boot/arm-none-eabi/release/libmcci_tweetnacl.a(mcci_tweetnacl.o)
 .text.pack     0x0000000008000ab4       0x4c /home/dhinesh/MCCI-IoT/Wakefield/20220408/COLLECTION-fed3wan/build/Catena4610_FED3-v1.0.0-ttn-us915-default-clk16-serboth-mcci_test/boot/arm-none-eabi/release/libmcci_tweetnacl.a(mcci_tweetnacl.o)
 .text.scalarmult
                0x0000000008000b00      0x104 /home/dhinesh/MCCI-IoT/Wakefield/20220408/COLLECTION-fed3wan/build/Catena4610_FED3-v1.0.0-ttn-us915-default-clk16-serboth-mcci_test/boot/arm-none-eabi/release/libmcci_tweetnacl.a(mcci_tweetnacl.o)
 .text.scalarbase
                0x0000000008000c04       0x8c /home/dhinesh/MCCI-IoT/Wakefield/20220408/COLLECTION-fed3wan/build/Catena4610_FED3-v1.0.0-ttn-us915-default-clk16-serboth-mcci_test/boot/arm-none-eabi/release/libmcci_tweetnacl.a(mcci_tweetnacl.o)
 .text.modL     0x0000000008000c90      0x1bc /home/dhinesh/MCCI-IoT/Wakefield/20220408/COLLECTION-fed3wan/build/Catena4610_FED3-v1.0.0-ttn-us915-default-clk16-serboth-mcci_test/boot/arm-none-eabi/release/libmcci_tweetnacl.a(mcci_tweetnacl.o)
 .text.reduce   0x0000000008000e4c       0x34 /home/dhinesh/MCCI-IoT/Wakefield/20220408/COLLECTION-fed3wan/build/Catena4610_FED3-v1.0.0-ttn-us915-default-clk16-serboth-mcci_test/boot/arm-none-eabi/release/libmcci_tweetnacl.a(mcci_tweetnacl.o)
 .text.crypto_verify_32_tweet
                0x0000000008000e80       0x20 /home/dhinesh/MCCI-IoT/Wakefield/20220408/COLLECTION-fed3wan/build/Catena4610_FED3-v1.0.0-ttn-us915-default-clk16-serboth-mcci_test/boot/arm-none-eabi/release/libmcci_tweetnacl.a(mcci_tweetnacl.o)
                0x0000000008000e80                crypto_verify_32_tweet
 .text.crypto_hashblocks_sha512_tweet
                0x0000000008000ea0      0x394 /home/dhinesh/MCCI-IoT/Wakefield/20220408/COLLECTION-fed3wan/build/Catena4610_FED3-v1.0.0-ttn-us915-default-clk16-serboth-mcci_test/boot/arm-none-eabi/release/libmcci_tweetnacl.a(mcci_tweetnacl.o)
                0x0000000008000ea0                crypto_hashblocks_sha512_tweet
 .text.crypto_hash_sha512_tweet
                0x0000000008001234       0xd0 /home/dhinesh/MCCI-IoT/Wakefield/20220408/COLLECTION-fed3wan/build/Catena4610_FED3-v1.0.0-ttn-us915-default-clk16-serboth-mcci_test/boot/arm-none-eabi/release/libmcci_tweetnacl.a(mcci_tweetnacl.o)
                0x0000000008001234                crypto_hash_sha512_tweet
 .text.crypto_sign_ed25519_tweet_open
                0x0000000008001304      0x3c4 /home/dhinesh/MCCI-IoT/Wakefield/20220408/COLLECTION-fed3wan/build/Catena4610_FED3-v1.0.0-ttn-us915-default-clk16-serboth-mcci_test/boot/arm-none-eabi/release/libmcci_tweetnacl.a(mcci_tweetnacl.o)
                0x0000000008001304                crypto_sign_ed25519_tweet_open
 .text.crypto_verify_64_tweet_mcci
                0x00000000080016c8       0x20 /home/dhinesh/MCCI-IoT/Wakefield/20220408/COLLECTION-fed3wan/build/Catena4610_FED3-v1.0.0-ttn-us915-default-clk16-serboth-mcci_test/boot/arm-none-eabi/release/libmcci_tweetnacl.a(mcci_tweetnacl.o)
                0x00000000080016c8                crypto_verify_64_tweet_mcci
 .text.crypto_hashblocks_sha512_tweet_mcci_init
                0x00000000080016e8       0x1c /home/dhinesh/MCCI-IoT/Wakefield/20220408/COLLECTION-fed3wan/build/Catena4610_FED3-v1.0.0-ttn-us915-default-clk16-serboth-mcci_test/boot/arm-none-eabi/release/libmcci_tweetnacl.a(mcci_tweetnacl.o)
                0x00000000080016e8                crypto_hashblocks_sha512_tweet_mcci_init
 .text.crypto_hashblocks_sha512_tweet_mcci_finish
                0x0000000008001704       0xb8 /home/dhinesh/MCCI-IoT/Wakefield/20220408/COLLECTION-fed3wan/build/Catena4610_FED3-v1.0.0-ttn-us915-default-clk16-serboth-mcci_test/boot/arm-none-eabi/release/libmcci_tweetnacl.a(mcci_tweetnacl.o)
                0x0000000008001704                crypto_hashblocks_sha512_tweet_mcci_finish
 .text.memcpy   0x00000000080017bc       0x84 /home/dhinesh/.arduino15/packages/mcci/tools/arm-none-eabi-gcc/6-2017-q2-update/bin/../lib/gcc/arm-none-eabi/6.3.1/../../../../arm-none-eabi/lib/thumb/v6-m/libc.a(lib_a-memcpy-stub.o)
                0x00000000080017bc                memcpy
 .text.memset   0x0000000008001840       0x94 /home/dhinesh/.arduino15/packages/mcci/tools/arm-none-eabi-gcc/6-2017-q2-update/bin/../lib/gcc/arm-none-eabi/6.3.1/../../../../arm-none-eabi/lib/thumb/v6-m/libc.a(lib_a-memset.o)
                0x0000000008001840                memset
 .text.McciBootloaderPlatform_checkImageValid
                0x00000000080018d4       0x64 /home/dhinesh/MCCI-IoT/Wakefield/20220408/COLLECTION-fed3wan/build/Catena4610_FED3-v1.0.0-ttn-us915-default-clk16-serboth-mcci_test/boot/arm-none-eabi/release/libmcci_bootloader_cm0plus.a(mccibootloaderplatform_checkimagevalid.o)
                0x00000000080018d4                McciBootloaderPlatform_checkImageValid
 .text.McciBootloaderPlatform_getAppInfo
                0x0000000008001938       0x20 /home/dhinesh/MCCI-IoT/Wakefield/20220408/COLLECTION-fed3wan/build/Catena4610_FED3-v1.0.0-ttn-us915-default-clk16-serboth-mcci_test/boot/arm-none-eabi/release/libmcci_bootloader_cm0plus.a(mccibootloaderplatform_getappinfo.o)
                0x0000000008001938                McciBootloaderPlatform_getAppInfo
 .text.McciBootloaderPlatform_getSignatureBlock
                0x0000000008001958        0xc /home/dhinesh/MCCI-IoT/Wakefield/20220408/COLLECTION-fed3wan/build/Catena4610_FED3-v1.0.0-ttn-us915-default-clk16-serboth-mcci_test/boot/arm-none-eabi/release/libmcci_bootloader_cm0plus.a(mccibootloaderplatform_getsignatureblock.o)
                0x0000000008001958                McciBootloaderPlatform_getSignatureBlock
 .text.McciBootloaderPlatform_startApp
                0x0000000008001964       0x2c /home/dhinesh/MCCI-IoT/Wakefield/20220408/COLLECTION-fed3wan/build/Catena4610_FED3-v1.0.0-ttn-us915-default-clk16-serboth-mcci_test/boot/arm-none-eabi/release/libmcci_bootloader_cm0plus.a(mccibootloaderplatform_startapp.o)
                0x0000000008001964                McciBootloaderPlatform_startApp
 .text.McciBootloaderBoard_Catena4801_storageInit
                0x0000000008001990       0x48 /home/dhinesh/MCCI-IoT/Wakefield/20220408/COLLECTION-fed3wan/build/Catena4610_FED3-v1.0.0-ttn-us915-default-clk16-serboth-mcci_test/boot/arm-none-eabi/release/libmcci_bootloader_catena4801.a(mccibootloaderboard_catena4801_storageinit.o)
                0x0000000008001990                McciBootloaderBoard_Catena4801_storageInit
 .text.McciBootloader_Stm32L0_systemFlashErase
                0x00000000080019d8       0x8c /home/dhinesh/MCCI-IoT/Wakefield/20220408/COLLECTION-fed3wan/build/Catena4610_FED3-v1.0.0-ttn-us915-default-clk16-serboth-mcci_test/boot/arm-none-eabi/release/libmcci_bootloader_stm32l0.a(mccibootloader_stm32l0_systemflash.o)
                0x00000000080019d8                McciBootloader_Stm32L0_systemFlashErase
 .text.McciBootloader_Stm32L0_systemFlashWrite
                0x0000000008001a64       0x8c /home/dhinesh/MCCI-IoT/Wakefield/20220408/COLLECTION-fed3wan/build/Catena4610_FED3-v1.0.0-ttn-us915-default-clk16-serboth-mcci_test/boot/arm-none-eabi/release/libmcci_bootloader_stm32l0.a(mccibootloader_stm32l0_systemflash.o)
                0x0000000008001a64                McciBootloader_Stm32L0_systemFlashWrite
 .text.nextBit  0x0000000008001af0       0x2c /home/dhinesh/MCCI-IoT/Wakefield/20220408/COLLECTION-fed3wan/build/Catena4610_FED3-v1.0.0-ttn-us915-default-clk16-serboth-mcci_test/boot/arm-none-eabi/release/libmcci_bootloader_catena_abz.a(mccibootloaderboard_catenaabz_annunciator.o)
 .text.McciBootloaderBoard_CatenaAbz_annunciatorInit
                0x0000000008001b1c       0x18 /home/dhinesh/MCCI-IoT/Wakefield/20220408/COLLECTION-fed3wan/build/Catena4610_FED3-v1.0.0-ttn-us915-default-clk16-serboth-mcci_test/boot/arm-none-eabi/release/libmcci_bootloader_catena_abz.a(mccibootloaderboard_catenaabz_annunciator.o)
                0x0000000008001b1c                McciBootloaderBoard_CatenaAbz_annunciatorInit
 .text.McciBootloaderBoard_CatenaAbz_annunciatorIndicateState
                0x0000000008001b34       0x34 /home/dhinesh/MCCI-IoT/Wakefield/20220408/COLLECTION-fed3wan/build/Catena4610_FED3-v1.0.0-ttn-us915-default-clk16-serboth-mcci_test/boot/arm-none-eabi/release/libmcci_bootloader_catena_abz.a(mccibootloaderboard_catenaabz_annunciator.o)
                0x0000000008001b34                McciBootloaderBoard_CatenaAbz_annunciatorIndicateState
 .text.McciBootloaderBoard_CatenaAbz_handleSysTick
                0x0000000008001b68       0x88 /home/dhinesh/MCCI-IoT/Wakefield/20220408/COLLECTION-fed3wan/build/Catena4610_FED3-v1.0.0-ttn-us915-default-clk16-serboth-mcci_test/boot/arm-none-eabi/release/libmcci_bootloader_catena_abz.a(mccibootloaderboard_catenaabz_annunciator.o)
                0x0000000008001b68                McciBootloaderBoard_CatenaAbz_handleSysTick
 .text.McciBootloaderBoard_CatenaAbz_getEepromPointer
                0x0000000008001bf0        0x8 /home/dhinesh/MCCI-IoT/Wakefield/20220408/COLLECTION-fed3wan/build/Catena4610_FED3-v1.0.0-ttn-us915-default-clk16-serboth-mcci_test/boot/arm-none-eabi/release/libmcci_bootloader_catena_abz.a(mccibootloaderboard_catenaabz_eeprom.o)
                0x0000000008001bf0                McciBootloaderBoard_CatenaAbz_getEepromPointer
 .text.McciBootloaderBoard_CatenaAbz_getUpdate
                0x0000000008001bf8       0x14 /home/dhinesh/MCCI-IoT/Wakefield/20220408/COLLECTION-fed3wan/build/Catena4610_FED3-v1.0.0-ttn-us915-default-clk16-serboth-mcci_test/boot/arm-none-eabi/release/libmcci_bootloader_catena_abz.a(mccibootloaderboard_catenaabz_eeprom.o)
                0x0000000008001bf8                McciBootloaderBoard_CatenaAbz_getUpdate
 .text.McciBootloaderBoard_CatenaAbz_setUpdate
                0x0000000008001c0c       0x50 /home/dhinesh/MCCI-IoT/Wakefield/20220408/COLLECTION-fed3wan/build/Catena4610_FED3-v1.0.0-ttn-us915-default-clk16-serboth-mcci_test/boot/arm-none-eabi/release/libmcci_bootloader_catena_abz.a(mccibootloaderboard_catenaabz_eeprom.o)
                0x0000000008001c0c                McciBootloaderBoard_CatenaAbz_setUpdate
 .text.McciBootloaderBoard_CatenaAbz_prepareForLaunch
                0x0000000008001c5c        0x8 /home/dhinesh/MCCI-IoT/Wakefield/20220408/COLLECTION-fed3wan/build/Catena4610_FED3-v1.0.0-ttn-us915-default-clk16-serboth-mcci_test/boot/arm-none-eabi/release/libmcci_bootloader_catena_abz.a(mccibootloaderboard_catenaabz_prepareforlaunch.o)
                0x0000000008001c5c                McciBootloaderBoard_CatenaAbz_prepareForLaunch
 .text.McciBootloaderBoard_CatenaAbz_spiInit
                0x0000000008001c64       0x84 /home/dhinesh/MCCI-IoT/Wakefield/20220408/COLLECTION-fed3wan/build/Catena4610_FED3-v1.0.0-ttn-us915-default-clk16-serboth-mcci_test/boot/arm-none-eabi/release/libmcci_bootloader_catena_abz.a(mccibootloaderboard_catenaabz_spi.o)
                0x0000000008001c64                McciBootloaderBoard_CatenaAbz_spiInit
 .text.McciBootloaderBoard_CatenaAbz_spiTransfer
                0x0000000008001ce8       0x64 /home/dhinesh/MCCI-IoT/Wakefield/20220408/COLLECTION-fed3wan/build/Catena4610_FED3-v1.0.0-ttn-us915-default-clk16-serboth-mcci_test/boot/arm-none-eabi/release/libmcci_bootloader_catena_abz.a(mccibootloaderboard_catenaabz_spi.o)
                0x0000000008001ce8                McciBootloaderBoard_CatenaAbz_spiTransfer
 .text.McciBootloaderBoard_CatenaAbz_getPrimaryStorageAddress
                0x0000000008001d4c        0x6 /home/dhinesh/MCCI-IoT/Wakefield/20220408/COLLECTION-fed3wan/build/Catena4610_FED3-v1.0.0-ttn-us915-default-clk16-serboth-mcci_test/boot/arm-none-eabi/release/libmcci_bootloader_catena_abz.a(mccibootloaderboard_catenaabz_storage.o)
                0x0000000008001d4c                McciBootloaderBoard_CatenaAbz_getPrimaryStorageAddress
 .text.McciBootloaderBoard_CatenaAbz_getFallbackStorageAddress
                0x0000000008001d52        0x6 /home/dhinesh/MCCI-IoT/Wakefield/20220408/COLLECTION-fed3wan/build/Catena4610_FED3-v1.0.0-ttn-us915-default-clk16-serboth-mcci_test/boot/arm-none-eabi/release/libmcci_bootloader_catena_abz.a(mccibootloaderboard_catenaabz_storage.o)
                0x0000000008001d52                McciBootloaderBoard_CatenaAbz_getFallbackStorageAddress
 .text.McciBootloaderBoard_CatenaAbz_systemInit
                0x0000000008001d58       0x40 /home/dhinesh/MCCI-IoT/Wakefield/20220408/COLLECTION-fed3wan/build/Catena4610_FED3-v1.0.0-ttn-us915-default-clk16-serboth-mcci_test/boot/arm-none-eabi/release/libmcci_bootloader_catena_abz.a(mccibootloaderboard_catenaabz_systeminit.o)
                0x0000000008001d58                McciBootloaderBoard_CatenaAbz_systemInit
 .text.McciBootloaderBoard_CatenaAbz_setLed
                0x0000000008001d98        0xc /home/dhinesh/MCCI-IoT/Wakefield/20220408/COLLECTION-fed3wan/build/Catena4610_FED3-v1.0.0-ttn-us915-default-clk16-serboth-mcci_test/boot/arm-none-eabi/release/libmcci_bootloader_catena_abz.a(mccibootloaderboard_catenaabz_systeminit.o)
                0x0000000008001d98                McciBootloaderBoard_CatenaAbz_setLed
 .text.McciBootloaderBoard_CatenaAbz_clearLed
                0x0000000008001da4        0xc /home/dhinesh/MCCI-IoT/Wakefield/20220408/COLLECTION-fed3wan/build/Catena4610_FED3-v1.0.0-ttn-us915-default-clk16-serboth-mcci_test/boot/arm-none-eabi/release/libmcci_bootloader_catena_abz.a(mccibootloaderboard_catenaabz_systeminit.o)
                0x0000000008001da4                McciBootloaderBoard_CatenaAbz_clearLed
 .text.McciBootloaderBoard_CatenaAbz_delayMs
                0x0000000008001db0       0x1c /home/dhinesh/MCCI-IoT/Wakefield/20220408/COLLECTION-fed3wan/build/Catena4610_FED3-v1.0.0-ttn-us915-default-clk16-serboth-mcci_test/boot/arm-none-eabi/release/libmcci_bootloader_catena_abz.a(mccibootloaderboard_catenaabz_systeminit.o)
                0x0000000008001db0                McciBootloaderBoard_CatenaAbz_delayMs
 .text.McciBootloaderBoard_CatenaAbz_fail
                0x0000000008001dcc       0x6c /home/dhinesh/MCCI-IoT/Wakefield/20220408/COLLECTION-fed3wan/build/Catena4610_FED3-v1.0.0-ttn-us915-default-clk16-serboth-mcci_test/boot/arm-none-eabi/release/libmcci_bootloader_catena_abz.a(mccibootloaderboard_catenaabz_systeminit.o)
                0x0000000008001dcc                McciBootloaderBoard_CatenaAbz_fail
 .text.McciBootloaderPlatform_spiTransfer
                0x0000000008001e38       0x10 /home/dhinesh/MCCI-IoT/Wakefield/20220408/COLLECTION-fed3wan/build/Catena4610_FED3-v1.0.0-ttn-us915-default-clk16-serboth-mcci_test/boot/arm-none-eabi/release/libmcci_bootloader_flash_mx25v8035f.a(mccibootloaderflash_mx25v8035f.o)
 .text.McciBootloaderFlash_Mx25v8035f_storageInit
                0x0000000008001e48       0x80 /home/dhinesh/MCCI-IoT/Wakefield/20220408/COLLECTION-fed3wan/build/Catena4610_FED3-v1.0.0-ttn-us915-default-clk16-serboth-mcci_test/boot/arm-none-eabi/release/libmcci_bootloader_flash_mx25v8035f.a(mccibootloaderflash_mx25v8035f.o)
                0x0000000008001e48                McciBootloaderFlash_Mx25v8035f_storageInit
 .text.McciBootloaderFlash_Mx25v8035f_storageRead
                0x0000000008001ec8       0x30 /home/dhinesh/MCCI-IoT/Wakefield/20220408/COLLECTION-fed3wan/build/Catena4610_FED3-v1.0.0-ttn-us915-default-clk16-serboth-mcci_test/boot/arm-none-eabi/release/libmcci_bootloader_flash_mx25v8035f.a(mccibootloaderflash_mx25v8035f.o)
                0x0000000008001ec8                McciBootloaderFlash_Mx25v8035f_storageRead
 .text.McciBootloader_Stm32L0_prepareForLaunch
                0x0000000008001ef8       0xdc /home/dhinesh/MCCI-IoT/Wakefield/20220408/COLLECTION-fed3wan/build/Catena4610_FED3-v1.0.0-ttn-us915-default-clk16-serboth-mcci_test/boot/arm-none-eabi/release/libmcci_bootloader_stm32l0.a(mccibootloader_stm32l0_prepareforlaunch.o)
                0x0000000008001ef8                McciBootloader_Stm32L0_prepareForLaunch
 .text.McciBootloader_Stm32L0_systemInit
                0x0000000008001fd4      0x1dc /home/dhinesh/MCCI-IoT/Wakefield/20220408/COLLECTION-fed3wan/build/Catena4610_FED3-v1.0.0-ttn-us915-default-clk16-serboth-mcci_test/boot/arm-none-eabi/release/libmcci_bootloader_stm32l0.a(mccibootloader_stm32l0_systeminit.o)
                0x0000000008001fd4                McciBootloader_Stm32L0_systemInit
 .text.McciBootloaderBoard_CatenaAbz_NotHandled
                0x00000000080021b0        0x2 /home/dhinesh/MCCI-IoT/Wakefield/20220408/COLLECTION-fed3wan/build/Catena4610_FED3-v1.0.0-ttn-us915-default-clk16-serboth-mcci_test/boot/arm-none-eabi/release/libmcci_bootloader_catena_abz.a(mccibootloaderboard_catenaabz_vectors.o)
 .text.McciBootloaderBoard_CatenaAbz_SvcHandler
                0x00000000080021b2       0x84 /home/dhinesh/MCCI-IoT/Wakefield/20220408/COLLECTION-fed3wan/build/Catena4610_FED3-v1.0.0-ttn-us915-default-clk16-serboth-mcci_test/boot/arm-none-eabi/release/libmcci_bootloader_catena_abz.a(mccibootloaderboard_catenaabz_vectors.o)
 *fill*         0x0000000008002236        0x2 
 .text.McciBootloaderBoard_CatenaAbz_SvcHandler.__stub
                0x0000000008002238       0x10 linker stubs
                0x0000000008002248                . = ALIGN (0x4)
 *fill*         0x0000000008002248        0x0 
 *(.rodata)
 *(.rodata*)
 .rodata.D      0x0000000008002248       0x80 /home/dhinesh/MCCI-IoT/Wakefield/20220408/COLLECTION-fed3wan/build/Catena4610_FED3-v1.0.0-ttn-us915-default-clk16-serboth-mcci_test/boot/arm-none-eabi/release/libmcci_tweetnacl.a(mcci_tweetnacl.o)
 .rodata.D2     0x00000000080022c8       0x80 /home/dhinesh/MCCI-IoT/Wakefield/20220408/COLLECTION-fed3wan/build/Catena4610_FED3-v1.0.0-ttn-us915-default-clk16-serboth-mcci_test/boot/arm-none-eabi/release/libmcci_tweetnacl.a(mcci_tweetnacl.o)
 .rodata.I      0x0000000008002348       0x80 /home/dhinesh/MCCI-IoT/Wakefield/20220408/COLLECTION-fed3wan/build/Catena4610_FED3-v1.0.0-ttn-us915-default-clk16-serboth-mcci_test/boot/arm-none-eabi/release/libmcci_tweetnacl.a(mcci_tweetnacl.o)
 .rodata.K      0x00000000080023c8      0x280 /home/dhinesh/MCCI-IoT/Wakefield/20220408/COLLECTION-fed3wan/build/Catena4610_FED3-v1.0.0-ttn-us915-default-clk16-serboth-mcci_test/boot/arm-none-eabi/release/libmcci_tweetnacl.a(mcci_tweetnacl.o)
 .rodata.L      0x0000000008002648      0x100 /home/dhinesh/MCCI-IoT/Wakefield/20220408/COLLECTION-fed3wan/build/Catena4610_FED3-v1.0.0-ttn-us915-default-clk16-serboth-mcci_test/boot/arm-none-eabi/release/libmcci_tweetnacl.a(mcci_tweetnacl.o)
 .rodata.X      0x0000000008002748       0x80 /home/dhinesh/MCCI-IoT/Wakefield/20220408/COLLECTION-fed3wan/build/Catena4610_FED3-v1.0.0-ttn-us915-default-clk16-serboth-mcci_test/boot/arm-none-eabi/release/libmcci_tweetnacl.a(mcci_tweetnacl.o)
 .rodata.Y      0x00000000080027c8       0x80 /home/dhinesh/MCCI-IoT/Wakefield/20220408/COLLECTION-fed3wan/build/Catena4610_FED3-v1.0.0-ttn-us915-default-clk16-serboth-mcci_test/boot/arm-none-eabi/release/libmcci_tweetnacl.a(mcci_tweetnacl.o)
 .rodata.gf1    0x0000000008002848       0x80 /home/dhinesh/MCCI-IoT/Wakefield/20220408/COLLECTION-fed3wan/build/Catena4610_FED3-v1.0.0-ttn-us915-default-clk16-serboth-mcci_test/boot/arm-none-eabi/release/libmcci_tweetnacl.a(mcci_tweetnacl.o)
 .rodata.iv     0x00000000080028c8       0x40 /home/dhinesh/MCCI-IoT/Wakefield/20220408/COLLECTION-fed3wan/build/Catena4610_FED3-v1.0.0-ttn-us915-default-clk16-serboth-mcci_test/boot/arm-none-eabi/release/libmcci_tweetnacl.a(mcci_tweetnacl.o)
 .rodata.gk_McciBootloaderPlatformInterface
                0x0000000008002908       0x40 /home/dhinesh/MCCI-IoT/Wakefield/20220408/COLLECTION-fed3wan/build/Catena4610_FED3-v1.0.0-ttn-us915-default-clk16-serboth-mcci_test/boot/arm-none-eabi/release/libmcci_bootloader_catena4801.a(mccibootloaderboard_catena4801_platforminterface.o)
                0x0000000008002908                gk_McciBootloaderPlatformInterface
 .rodata.kcRdSfdp.5134
                0x0000000008002948        0x5 /home/dhinesh/MCCI-IoT/Wakefield/20220408/COLLECTION-fed3wan/build/Catena4610_FED3-v1.0.0-ttn-us915-default-clk16-serboth-mcci_test/boot/arm-none-eabi/release/libmcci_bootloader_flash_mx25v8035f.a(mccibootloaderflash_mx25v8035f.o)
 .rodata.kcReset.5133
                0x000000000800294d        0x1 /home/dhinesh/MCCI-IoT/Wakefield/20220408/COLLECTION-fed3wan/build/Catena4610_FED3-v1.0.0-ttn-us915-default-clk16-serboth-mcci_test/boot/arm-none-eabi/release/libmcci_bootloader_flash_mx25v8035f.a(mccibootloaderflash_mx25v8035f.o)
 .rodata.kcResetEn.5132
                0x000000000800294e        0x1 /home/dhinesh/MCCI-IoT/Wakefield/20220408/COLLECTION-fed3wan/build/Catena4610_FED3-v1.0.0-ttn-us915-default-clk16-serboth-mcci_test/boot/arm-none-eabi/release/libmcci_bootloader_flash_mx25v8035f.a(mccibootloaderflash_mx25v8035f.o)
                0x0000000008002950                . = ALIGN (0x4)
 *fill*         0x000000000800294f        0x1 

.glue_7         0x0000000008002950        0x0
 .glue_7        0x0000000008002950        0x0 linker stubs

.glue_7t        0x0000000008002950        0x0
 .glue_7t       0x0000000008002950        0x0 linker stubs

.vfp11_veneer   0x0000000008002950        0x0
 .vfp11_veneer  0x0000000008002950        0x0 linker stubs

.v4_bx          0x0000000008002950        0x0
 .v4_bx         0x0000000008002950        0x0 linker stubs

.iplt           0x0000000008002950        0x0
 .iplt          0x0000000008002950        0x0 /home/dhinesh/MCCI-IoT/Wakefield/20220408/COLLECTION-fed3wan/build/Catena4610_FED3-v1.0.0-ttn-us915-default-clk16-serboth-mcci_test/boot/arm-none-eabi/release/libmcci_bootloader.a(mccibootloader_main.o)

.eeprom         0x00000000080817fc        0x0
                0x00000000080817fc                . = ALIGN (0x4)
 *(.eeprom)
 *(.eeprom*)
                0x00000000080817fc                . = ALIGN (0x4)
                0x00000000080817fc                . = ALIGN (0x4)
                0x0000000008002950                gk_McciBootloader_DataImageBase = LOADADDR (.data)

.data           0x0000000020003000       0x50 load address 0x0000000008002950
                0x0000000020003000                . = ALIGN (0x4)
                0x0000000020003000                g_McciBootloader_DataBase = .
 *(.data)
 *(.data*)
 *(.RamFunc)
 .RamFunc       0x0000000020003000       0x50 /home/dhinesh/MCCI-IoT/Wakefield/20220408/COLLECTION-fed3wan/build/Catena4610_FED3-v1.0.0-ttn-us915-default-clk16-serboth-mcci_test/boot/arm-none-eabi/release/libmcci_bootloader_stm32l0.a(mccibootloader_stm32l0_systemflash.o)
                0x0000000020003000                McciBootloader_Stm32L0_programHalfPage
 *(.RamFunc*)
                0x0000000020003050                . = ALIGN (0x4)
                0x0000000020003050                g_McciBootloader_DataTop = .

.igot.plt       0x0000000020003050        0x0 load address 0x00000000080029a0
 .igot.plt      0x0000000020003050        0x0 /home/dhinesh/MCCI-IoT/Wakefield/20220408/COLLECTION-fed3wan/build/Catena4610_FED3-v1.0.0-ttn-us915-default-clk16-serboth-mcci_test/boot/arm-none-eabi/release/libmcci_bootloader.a(mccibootloader_main.o)

.rel.dyn        0x0000000020003050        0x0 load address 0x00000000080029a0
 .rel.iplt      0x0000000020003050        0x0 /home/dhinesh/MCCI-IoT/Wakefield/20220408/COLLECTION-fed3wan/build/Catena4610_FED3-v1.0.0-ttn-us915-default-clk16-serboth-mcci_test/boot/arm-none-eabi/release/libmcci_bootloader.a(mccibootloader_main.o)

.McciBootloader_Signature
                0x00000000080029a0       0xa0
                0x00000000000029a0                gk_McciBootloader_ImageSize = (. - gk_McciBootloader_BootBase)
 *(.McciBootloader_Signature)
 .McciBootloader_Signature
                0x00000000080029a0       0xa0 /home/dhinesh/MCCI-IoT/Wakefield/20220408/COLLECTION-fed3wan/build/Catena4610_FED3-v1.0.0-ttn-us915-default-clk16-serboth-mcci_test/boot/arm-none-eabi/release/libmcci_bootloader_catena_abz.a(mccibootloaderboard_catenaabz_vectors.o)
                0x00000000080029a0                gk_McciBootloader_SignatureBlock
                0x0000000008002a40                . = ALIGN (0x4)

.bss            0x0000000020003050     0x10e4
                0x0000000020003050                . = ALIGN (0x4)
                0x0000000020003050                g_McciBootloader_BssBase = .
 *(.bss)
 *(.bss*)
 .bss.gf0       0x0000000020003050       0x80 /home/dhinesh/MCCI-IoT/Wakefield/20220408/COLLECTION-fed3wan/build/Catena4610_FED3-v1.0.0-ttn-us915-default-clk16-serboth-mcci_test/boot/arm-none-eabi/release/libmcci_tweetnacl.a(mcci_tweetnacl.o)
 .bss.annunciator
                0x00000000200030d0       0x1c /home/dhinesh/MCCI-IoT/Wakefield/20220408/COLLECTION-fed3wan/build/Catena4610_FED3-v1.0.0-ttn-us915-default-clk16-serboth-mcci_test/boot/arm-none-eabi/release/libmcci_bootloader_catena_abz.a(mccibootloaderboard_catenaabz_annunciator.o)
 *(COMMON)
 *fill*         0x00000000200030ec        0x4 
 COMMON         0x00000000200030f0       0x40 /home/dhinesh/MCCI-IoT/Wakefield/20220408/COLLECTION-fed3wan/build/Catena4610_FED3-v1.0.0-ttn-us915-default-clk16-serboth-mcci_test/boot/arm-none-eabi/release/libmcci_bootloader.a(mccibootloader_main.o)
                0x00000000200030f0                g_McciBootloader_incomingAppInfo
 COMMON         0x0000000020003130        0x4 /home/dhinesh/MCCI-IoT/Wakefield/20220408/COLLECTION-fed3wan/build/Catena4610_FED3-v1.0.0-ttn-us915-default-clk16-serboth-mcci_test/boot/arm-none-eabi/release/libmcci_bootloader.a(mccibootloaderplatform_fail.o)
                0x0000000020003130                g_McciBootloader_failureCode
 COMMON         0x0000000020003134     0x1000 /home/dhinesh/MCCI-IoT/Wakefield/20220408/COLLECTION-fed3wan/build/Catena4610_FED3-v1.0.0-ttn-us915-default-clk16-serboth-mcci_test/boot/arm-none-eabi/release/libmcci_bootloader.a(mccibootloader_checkstorageimage.o)
                0x0000000020003134                g_McciBootloader_imageBlock
                0x0000000020004134                . = ALIGN (0x4)
                0x0000000020004134                g_McciBootloader_BssTop = .
OUTPUT(/home/dhinesh/MCCI-IoT/Wakefield/20220408/COLLECTION-fed3wan/build/Catena4610_FED3-v1.0.0-ttn-us915-default-clk16-serboth-mcci_test/boot/arm-none-eabi/release/McciBootloader_4801 elf32-littlearm)

.debug_info     0x0000000000000000    0x1cdd6
 .debug_info    0x0000000000000000     0x1320 /home/dhinesh/MCCI-IoT/Wakefield/20220408/COLLECTION-fed3wan/build/Catena4610_FED3-v1.0.0-ttn-us915-default-clk16-serboth-mcci_test/boot/arm-none-eabi/release/libmcci_bootloader.a(mccibootloader_main.o)
 .debug_info    0x0000000000001320     0x1010 /home/dhinesh/MCCI-IoT/Wakefield/20220408/COLLECTION-fed3wan/build/Catena4610_FED3-v1.0.0-ttn-us915-default-clk16-serboth-mcci_test/boot/arm-none-eabi/release/libmcci_bootloader.a(mccibootloader_programandcheckflash.o)
 .debug_info    0x0000000000002330      0xdca /home/dhinesh/MCCI-IoT/Wakefield/20220408/COLLECTION-fed3wan/build/Catena4610_FED3-v1.0.0-ttn-us915-default-clk16-serboth-mcci_test/boot/arm-none-eabi/release/libmcci_bootloader.a(mccibootloaderplatform_entry.o)
 .debug_info    0x00000000000030fa      0xd2a /home/dhinesh/MCCI-IoT/Wakefield/20220408/COLLECTION-fed3wan/build/Catena4610_FED3-v1.0.0-ttn-us915-default-clk16-serboth-mcci_test/boot/arm-none-eabi/release/libmcci_bootloader.a(mccibootloaderplatform_fail.o)
 .debug_info    0x0000000000003e24     0x109d /home/dhinesh/MCCI-IoT/Wakefield/20220408/COLLECTION-fed3wan/build/Catena4610_FED3-v1.0.0-ttn-us915-default-clk16-serboth-mcci_test/boot/arm-none-eabi/release/libmcci_bootloader.a(mccibootloader_checkcodevalid.o)
 .debug_info    0x0000000000004ec1     0x15da /home/dhinesh/MCCI-IoT/Wakefield/20220408/COLLECTION-fed3wan/build/Catena4610_FED3-v1.0.0-ttn-us915-default-clk16-serboth-mcci_test/boot/arm-none-eabi/release/libmcci_bootloader.a(mccibootloader_checkstorageimage.o)
 .debug_info    0x000000000000649b     0x45dd /home/dhinesh/MCCI-IoT/Wakefield/20220408/COLLECTION-fed3wan/build/Catena4610_FED3-v1.0.0-ttn-us915-default-clk16-serboth-mcci_test/boot/arm-none-eabi/release/libmcci_tweetnacl.a(mcci_tweetnacl.o)
 .debug_info    0x000000000000aa78     0x1005 /home/dhinesh/MCCI-IoT/Wakefield/20220408/COLLECTION-fed3wan/build/Catena4610_FED3-v1.0.0-ttn-us915-default-clk16-serboth-mcci_test/boot/arm-none-eabi/release/libmcci_bootloader_cm0plus.a(mccibootloaderplatform_checkimagevalid.o)
 .debug_info    0x000000000000ba7d      0xeb5 /home/dhinesh/MCCI-IoT/Wakefield/20220408/COLLECTION-fed3wan/build/Catena4610_FED3-v1.0.0-ttn-us915-default-clk16-serboth-mcci_test/boot/arm-none-eabi/release/libmcci_bootloader_cm0plus.a(mccibootloaderplatform_getappinfo.o)
 .debug_info    0x000000000000c932      0xddb /home/dhinesh/MCCI-IoT/Wakefield/20220408/COLLECTION-fed3wan/build/Catena4610_FED3-v1.0.0-ttn-us915-default-clk16-serboth-mcci_test/boot/arm-none-eabi/release/libmcci_bootloader_cm0plus.a(mccibootloaderplatform_getsignatureblock.o)
 .debug_info    0x000000000000d70d      0x5b7 /home/dhinesh/MCCI-IoT/Wakefield/20220408/COLLECTION-fed3wan/build/Catena4610_FED3-v1.0.0-ttn-us915-default-clk16-serboth-mcci_test/boot/arm-none-eabi/release/libmcci_bootloader_cm0plus.a(mccibootloaderplatform_startapp.o)
 .debug_info    0x000000000000dcc4      0xe54 /home/dhinesh/MCCI-IoT/Wakefield/20220408/COLLECTION-fed3wan/build/Catena4610_FED3-v1.0.0-ttn-us915-default-clk16-serboth-mcci_test/boot/arm-none-eabi/release/libmcci_bootloader_catena4801.a(mccibootloaderboard_catena4801_platforminterface.o)
 .debug_info    0x000000000000eb18     0x111e /home/dhinesh/MCCI-IoT/Wakefield/20220408/COLLECTION-fed3wan/build/Catena4610_FED3-v1.0.0-ttn-us915-default-clk16-serboth-mcci_test/boot/arm-none-eabi/release/libmcci_bootloader_catena4801.a(mccibootloaderboard_catena4801_storageinit.o)
 .debug_info    0x000000000000fc36     0x1399 /home/dhinesh/MCCI-IoT/Wakefield/20220408/COLLECTION-fed3wan/build/Catena4610_FED3-v1.0.0-ttn-us915-default-clk16-serboth-mcci_test/boot/arm-none-eabi/release/libmcci_bootloader_stm32l0.a(mccibootloader_stm32l0_systemflash.o)
 .debug_info    0x0000000000010fcf     0x111a /home/dhinesh/MCCI-IoT/Wakefield/20220408/COLLECTION-fed3wan/build/Catena4610_FED3-v1.0.0-ttn-us915-default-clk16-serboth-mcci_test/boot/arm-none-eabi/release/libmcci_bootloader_catena_abz.a(mccibootloaderboard_catenaabz_annunciator.o)
 .debug_info    0x00000000000120e9     0x10b3 /home/dhinesh/MCCI-IoT/Wakefield/20220408/COLLECTION-fed3wan/build/Catena4610_FED3-v1.0.0-ttn-us915-default-clk16-serboth-mcci_test/boot/arm-none-eabi/release/libmcci_bootloader_catena_abz.a(mccibootloaderboard_catenaabz_eeprom.o)
 .debug_info    0x000000000001319c      0xe79 /home/dhinesh/MCCI-IoT/Wakefield/20220408/COLLECTION-fed3wan/build/Catena4610_FED3-v1.0.0-ttn-us915-default-clk16-serboth-mcci_test/boot/arm-none-eabi/release/libmcci_bootloader_catena_abz.a(mccibootloaderboard_catenaabz_prepareforlaunch.o)
 .debug_info    0x0000000000014015     0x14f0 /home/dhinesh/MCCI-IoT/Wakefield/20220408/COLLECTION-fed3wan/build/Catena4610_FED3-v1.0.0-ttn-us915-default-clk16-serboth-mcci_test/boot/arm-none-eabi/release/libmcci_bootloader_catena_abz.a(mccibootloaderboard_catenaabz_spi.o)
 .debug_info    0x0000000000015505      0xe79 /home/dhinesh/MCCI-IoT/Wakefield/20220408/COLLECTION-fed3wan/build/Catena4610_FED3-v1.0.0-ttn-us915-default-clk16-serboth-mcci_test/boot/arm-none-eabi/release/libmcci_bootloader_catena_abz.a(mccibootloaderboard_catenaabz_storage.o)
 .debug_info    0x000000000001637e     0x14aa /home/dhinesh/MCCI-IoT/Wakefield/20220408/COLLECTION-fed3wan/build/Catena4610_FED3-v1.0.0-ttn-us915-default-clk16-serboth-mcci_test/boot/arm-none-eabi/release/libmcci_bootloader_catena_abz.a(mccibootloaderboard_catenaabz_systeminit.o)
 .debug_info    0x0000000000017828     0x10fc /home/dhinesh/MCCI-IoT/Wakefield/20220408/COLLECTION-fed3wan/build/Catena4610_FED3-v1.0.0-ttn-us915-default-clk16-serboth-mcci_test/boot/arm-none-eabi/release/libmcci_bootloader_flash_mx25v8035f.a(mccibootloaderflash_mx25v8035f.o)
 .debug_info    0x0000000000018924     0x1224 /home/dhinesh/MCCI-IoT/Wakefield/20220408/COLLECTION-fed3wan/build/Catena4610_FED3-v1.0.0-ttn-us915-default-clk16-serboth-mcci_test/boot/arm-none-eabi/release/libmcci_bootloader_stm32l0.a(mccibootloader_stm32l0_prepareforlaunch.o)
 .debug_info    0x0000000000019b48     0x1d2e /home/dhinesh/MCCI-IoT/Wakefield/20220408/COLLECTION-fed3wan/build/Catena4610_FED3-v1.0.0-ttn-us915-default-clk16-serboth-mcci_test/boot/arm-none-eabi/release/libmcci_bootloader_stm32l0.a(mccibootloader_stm32l0_systeminit.o)
 .debug_info    0x000000000001b876     0x1560 /home/dhinesh/MCCI-IoT/Wakefield/20220408/COLLECTION-fed3wan/build/Catena4610_FED3-v1.0.0-ttn-us915-default-clk16-serboth-mcci_test/boot/arm-none-eabi/release/libmcci_bootloader_catena_abz.a(mccibootloaderboard_catenaabz_vectors.o)

.debug_abbrev   0x0000000000000000     0x4184
 .debug_abbrev  0x0000000000000000      0x35d /home/dhinesh/MCCI-IoT/Wakefield/20220408/COLLECTION-fed3wan/build/Catena4610_FED3-v1.0.0-ttn-us915-default-clk16-serboth-mcci_test/boot/arm-none-eabi/release/libmcci_bootloader.a(mccibootloader_main.o)
 .debug_abbrev  0x000000000000035d      0x2a4 /home/dhinesh/MCCI-IoT/Wakefield/20220408/COLLECTION-fed3wan/build/Catena4610_FED3-v1.0.0-ttn-us915-default-clk16-serboth-mcci_test/boot/arm-none-eabi/release/libmcci_bootloader.a(mccibootloader_programandcheckflash.o)
 .debug_abbrev  0x0000000000000601      0x25e /home/dhinesh/MCCI-IoT/Wakefield/20220408/COLLECTION-fed3wan/build/Catena4610_FED3-v1.0.0-ttn-us915-default-clk16-serboth-mcci_test/boot/arm-none-eabi/release/libmcci_bootloader.a(mccibootloaderplatform_entry.o)
 .debug_abbrev  0x000000000000085f      0x1fb /home/dhinesh/MCCI-IoT/Wakefield/20220408/COLLECTION-fed3wan/build/Catena4610_FED3-v1.0.0-ttn-us915-default-clk16-serboth-mcci_test/boot/arm-none-eabi/release/libmcci_bootloader.a(mccibootloaderplatform_fail.o)
 .debug_abbrev  0x0000000000000a5a      0x2b3 /home/dhinesh/MCCI-IoT/Wakefield/20220408/COLLECTION-fed3wan/build/Catena4610_FED3-v1.0.0-ttn-us915-default-clk16-serboth-mcci_test/boot/arm-none-eabi/release/libmcci_bootloader.a(mccibootloader_checkcodevalid.o)
 .debug_abbrev  0x0000000000000d0d      0x339 /home/dhinesh/MCCI-IoT/Wakefield/20220408/COLLECTION-fed3wan/build/Catena4610_FED3-v1.0.0-ttn-us915-default-clk16-serboth-mcci_test/boot/arm-none-eabi/release/libmcci_bootloader.a(mccibootloader_checkstorageimage.o)
 .debug_abbrev  0x0000000000001046      0x53b /home/dhinesh/MCCI-IoT/Wakefield/20220408/COLLECTION-fed3wan/build/Catena4610_FED3-v1.0.0-ttn-us915-default-clk16-serboth-mcci_test/boot/arm-none-eabi/release/libmcci_tweetnacl.a(mcci_tweetnacl.o)
 .debug_abbrev  0x0000000000001581      0x245 /home/dhinesh/MCCI-IoT/Wakefield/20220408/COLLECTION-fed3wan/build/Catena4610_FED3-v1.0.0-ttn-us915-default-clk16-serboth-mcci_test/boot/arm-none-eabi/release/libmcci_bootloader_cm0plus.a(mccibootloaderplatform_checkimagevalid.o)
 .debug_abbrev  0x00000000000017c6      0x1fa /home/dhinesh/MCCI-IoT/Wakefield/20220408/COLLECTION-fed3wan/build/Catena4610_FED3-v1.0.0-ttn-us915-default-clk16-serboth-mcci_test/boot/arm-none-eabi/release/libmcci_bootloader_cm0plus.a(mccibootloaderplatform_getappinfo.o)
 .debug_abbrev  0x00000000000019c0      0x1cd /home/dhinesh/MCCI-IoT/Wakefield/20220408/COLLECTION-fed3wan/build/Catena4610_FED3-v1.0.0-ttn-us915-default-clk16-serboth-mcci_test/boot/arm-none-eabi/release/libmcci_bootloader_cm0plus.a(mccibootloaderplatform_getsignatureblock.o)
 .debug_abbrev  0x0000000000001b8d      0x1e9 /home/dhinesh/MCCI-IoT/Wakefield/20220408/COLLECTION-fed3wan/build/Catena4610_FED3-v1.0.0-ttn-us915-default-clk16-serboth-mcci_test/boot/arm-none-eabi/release/libmcci_bootloader_cm0plus.a(mccibootloaderplatform_startapp.o)
 .debug_abbrev  0x0000000000001d76      0x1c9 /home/dhinesh/MCCI-IoT/Wakefield/20220408/COLLECTION-fed3wan/build/Catena4610_FED3-v1.0.0-ttn-us915-default-clk16-serboth-mcci_test/boot/arm-none-eabi/release/libmcci_bootloader_catena4801.a(mccibootloaderboard_catena4801_platforminterface.o)
 .debug_abbrev  0x0000000000001f3f      0x2e9 /home/dhinesh/MCCI-IoT/Wakefield/20220408/COLLECTION-fed3wan/build/Catena4610_FED3-v1.0.0-ttn-us915-default-clk16-serboth-mcci_test/boot/arm-none-eabi/release/libmcci_bootloader_catena4801.a(mccibootloaderboard_catena4801_storageinit.o)
 .debug_abbrev  0x0000000000002228      0x34e /home/dhinesh/MCCI-IoT/Wakefield/20220408/COLLECTION-fed3wan/build/Catena4610_FED3-v1.0.0-ttn-us915-default-clk16-serboth-mcci_test/boot/arm-none-eabi/release/libmcci_bootloader_stm32l0.a(mccibootloader_stm32l0_systemflash.o)
 .debug_abbrev  0x0000000000002576      0x2b5 /home/dhinesh/MCCI-IoT/Wakefield/20220408/COLLECTION-fed3wan/build/Catena4610_FED3-v1.0.0-ttn-us915-default-clk16-serboth-mcci_test/boot/arm-none-eabi/release/libmcci_bootloader_catena_abz.a(mccibootloaderboard_catenaabz_annunciator.o)
 .debug_abbrev  0x000000000000282b      0x2f1 /home/dhinesh/MCCI-IoT/Wakefield/20220408/COLLECTION-fed3wan/build/Catena4610_FED3-v1.0.0-ttn-us915-default-clk16-serboth-mcci_test/boot/arm-none-eabi/release/libmcci_bootloader_catena_abz.a(mccibootloaderboard_catenaabz_eeprom.o)
 .debug_abbrev  0x0000000000002b1c      0x1f6 /home/dhinesh/MCCI-IoT/Wakefield/20220408/COLLECTION-fed3wan/build/Catena4610_FED3-v1.0.0-ttn-us915-default-clk16-serboth-mcci_test/boot/arm-none-eabi/release/libmcci_bootloader_catena_abz.a(mccibootloaderboard_catenaabz_prepareforlaunch.o)
 .debug_abbrev  0x0000000000002d12      0x2fc /home/dhinesh/MCCI-IoT/Wakefield/20220408/COLLECTION-fed3wan/build/Catena4610_FED3-v1.0.0-ttn-us915-default-clk16-serboth-mcci_test/boot/arm-none-eabi/release/libmcci_bootloader_catena_abz.a(mccibootloaderboard_catenaabz_spi.o)
 .debug_abbrev  0x000000000000300e      0x1da /home/dhinesh/MCCI-IoT/Wakefield/20220408/COLLECTION-fed3wan/build/Catena4610_FED3-v1.0.0-ttn-us915-default-clk16-serboth-mcci_test/boot/arm-none-eabi/release/libmcci_bootloader_catena_abz.a(mccibootloaderboard_catenaabz_storage.o)
 .debug_abbrev  0x00000000000031e8      0x3a7 /home/dhinesh/MCCI-IoT/Wakefield/20220408/COLLECTION-fed3wan/build/Catena4610_FED3-v1.0.0-ttn-us915-default-clk16-serboth-mcci_test/boot/arm-none-eabi/release/libmcci_bootloader_catena_abz.a(mccibootloaderboard_catenaabz_systeminit.o)
 .debug_abbrev  0x000000000000358f      0x2fc /home/dhinesh/MCCI-IoT/Wakefield/20220408/COLLECTION-fed3wan/build/Catena4610_FED3-v1.0.0-ttn-us915-default-clk16-serboth-mcci_test/boot/arm-none-eabi/release/libmcci_bootloader_flash_mx25v8035f.a(mccibootloaderflash_mx25v8035f.o)
 .debug_abbrev  0x000000000000388b      0x2af /home/dhinesh/MCCI-IoT/Wakefield/20220408/COLLECTION-fed3wan/build/Catena4610_FED3-v1.0.0-ttn-us915-default-clk16-serboth-mcci_test/boot/arm-none-eabi/release/libmcci_bootloader_stm32l0.a(mccibootloader_stm32l0_prepareforlaunch.o)
 .debug_abbrev  0x0000000000003b3a      0x330 /home/dhinesh/MCCI-IoT/Wakefield/20220408/COLLECTION-fed3wan/build/Catena4610_FED3-v1.0.0-ttn-us915-default-clk16-serboth-mcci_test/boot/arm-none-eabi/release/libmcci_bootloader_stm32l0.a(mccibootloader_stm32l0_systeminit.o)
 .debug_abbrev  0x0000000000003e6a      0x31a /home/dhinesh/MCCI-IoT/Wakefield/20220408/COLLECTION-fed3wan/build/Catena4610_FED3-v1.0.0-ttn-us915-default-clk16-serboth-mcci_test/boot/arm-none-eabi/release/libmcci_bootloader_catena_abz.a(mccibootloaderboard_catenaabz_vectors.o)

.debug_loc      0x0000000000000000     0x6e79
 .debug_loc     0x0000000000000000      0x103 /home/dhinesh/MCCI-IoT/Wakefield/20220408/COLLECTION-fed3wan/build/Catena4610_FED3-v1.0.0-ttn-us915-default-clk16-serboth-mcci_test/boot/arm-none-eabi/release/libmcci_bootloader.a(mccibootloader_main.o)
 .debug_loc     0x0000000000000103      0x1f5 /home/dhinesh/MCCI-IoT/Wakefield/20220408/COLLECTION-fed3wan/build/Catena4610_FED3-v1.0.0-ttn-us915-default-clk16-serboth-mcci_test/boot/arm-none-eabi/release/libmcci_bootloader.a(mccibootloader_programandcheckflash.o)
 .debug_loc     0x00000000000002f8       0x21 /home/dhinesh/MCCI-IoT/Wakefield/20220408/COLLECTION-fed3wan/build/Catena4610_FED3-v1.0.0-ttn-us915-default-clk16-serboth-mcci_test/boot/arm-none-eabi/release/libmcci_bootloader.a(mccibootloaderplatform_fail.o)
 .debug_loc     0x0000000000000319      0x11e /home/dhinesh/MCCI-IoT/Wakefield/20220408/COLLECTION-fed3wan/build/Catena4610_FED3-v1.0.0-ttn-us915-default-clk16-serboth-mcci_test/boot/arm-none-eabi/release/libmcci_bootloader.a(mccibootloader_checkcodevalid.o)
 .debug_loc     0x0000000000000437      0x542 /home/dhinesh/MCCI-IoT/Wakefield/20220408/COLLECTION-fed3wan/build/Catena4610_FED3-v1.0.0-ttn-us915-default-clk16-serboth-mcci_test/boot/arm-none-eabi/release/libmcci_bootloader.a(mccibootloader_checkstorageimage.o)
 .debug_loc     0x0000000000000979     0x3646 /home/dhinesh/MCCI-IoT/Wakefield/20220408/COLLECTION-fed3wan/build/Catena4610_FED3-v1.0.0-ttn-us915-default-clk16-serboth-mcci_test/boot/arm-none-eabi/release/libmcci_tweetnacl.a(mcci_tweetnacl.o)
 .debug_loc     0x0000000000003fbf      0x164 /home/dhinesh/MCCI-IoT/Wakefield/20220408/COLLECTION-fed3wan/build/Catena4610_FED3-v1.0.0-ttn-us915-default-clk16-serboth-mcci_test/boot/arm-none-eabi/release/libmcci_bootloader_cm0plus.a(mccibootloaderplatform_checkimagevalid.o)
 .debug_loc     0x0000000000004123       0xb6 /home/dhinesh/MCCI-IoT/Wakefield/20220408/COLLECTION-fed3wan/build/Catena4610_FED3-v1.0.0-ttn-us915-default-clk16-serboth-mcci_test/boot/arm-none-eabi/release/libmcci_bootloader_cm0plus.a(mccibootloaderplatform_getappinfo.o)
 .debug_loc     0x00000000000041d9       0x21 /home/dhinesh/MCCI-IoT/Wakefield/20220408/COLLECTION-fed3wan/build/Catena4610_FED3-v1.0.0-ttn-us915-default-clk16-serboth-mcci_test/boot/arm-none-eabi/release/libmcci_bootloader_cm0plus.a(mccibootloaderplatform_getsignatureblock.o)
 .debug_loc     0x00000000000041fa       0x96 /home/dhinesh/MCCI-IoT/Wakefield/20220408/COLLECTION-fed3wan/build/Catena4610_FED3-v1.0.0-ttn-us915-default-clk16-serboth-mcci_test/boot/arm-none-eabi/release/libmcci_bootloader_cm0plus.a(mccibootloaderplatform_startapp.o)
 .debug_loc     0x0000000000004290      0x177 /home/dhinesh/MCCI-IoT/Wakefield/20220408/COLLECTION-fed3wan/build/Catena4610_FED3-v1.0.0-ttn-us915-default-clk16-serboth-mcci_test/boot/arm-none-eabi/release/libmcci_bootloader_catena4801.a(mccibootloaderboard_catena4801_storageinit.o)
 .debug_loc     0x0000000000004407      0x8b0 /home/dhinesh/MCCI-IoT/Wakefield/20220408/COLLECTION-fed3wan/build/Catena4610_FED3-v1.0.0-ttn-us915-default-clk16-serboth-mcci_test/boot/arm-none-eabi/release/libmcci_bootloader_stm32l0.a(mccibootloader_stm32l0_systemflash.o)
 .debug_loc     0x0000000000004cb7      0x140 /home/dhinesh/MCCI-IoT/Wakefield/20220408/COLLECTION-fed3wan/build/Catena4610_FED3-v1.0.0-ttn-us915-default-clk16-serboth-mcci_test/boot/arm-none-eabi/release/libmcci_bootloader_catena_abz.a(mccibootloaderboard_catenaabz_annunciator.o)
 .debug_loc     0x0000000000004df7      0x133 /home/dhinesh/MCCI-IoT/Wakefield/20220408/COLLECTION-fed3wan/build/Catena4610_FED3-v1.0.0-ttn-us915-default-clk16-serboth-mcci_test/boot/arm-none-eabi/release/libmcci_bootloader_catena_abz.a(mccibootloaderboard_catenaabz_eeprom.o)
 .debug_loc     0x0000000000004f2a      0x5c1 /home/dhinesh/MCCI-IoT/Wakefield/20220408/COLLECTION-fed3wan/build/Catena4610_FED3-v1.0.0-ttn-us915-default-clk16-serboth-mcci_test/boot/arm-none-eabi/release/libmcci_bootloader_catena_abz.a(mccibootloaderboard_catenaabz_spi.o)
 .debug_loc     0x00000000000054eb      0x365 /home/dhinesh/MCCI-IoT/Wakefield/20220408/COLLECTION-fed3wan/build/Catena4610_FED3-v1.0.0-ttn-us915-default-clk16-serboth-mcci_test/boot/arm-none-eabi/release/libmcci_bootloader_catena_abz.a(mccibootloaderboard_catenaabz_systeminit.o)
 .debug_loc     0x0000000000005850      0x164 /home/dhinesh/MCCI-IoT/Wakefield/20220408/COLLECTION-fed3wan/build/Catena4610_FED3-v1.0.0-ttn-us915-default-clk16-serboth-mcci_test/boot/arm-none-eabi/release/libmcci_bootloader_flash_mx25v8035f.a(mccibootloaderflash_mx25v8035f.o)
 .debug_loc     0x00000000000059b4      0x5e4 /home/dhinesh/MCCI-IoT/Wakefield/20220408/COLLECTION-fed3wan/build/Catena4610_FED3-v1.0.0-ttn-us915-default-clk16-serboth-mcci_test/boot/arm-none-eabi/release/libmcci_bootloader_stm32l0.a(mccibootloader_stm32l0_prepareforlaunch.o)
 .debug_loc     0x0000000000005f98      0xb5b /home/dhinesh/MCCI-IoT/Wakefield/20220408/COLLECTION-fed3wan/build/Catena4610_FED3-v1.0.0-ttn-us915-default-clk16-serboth-mcci_test/boot/arm-none-eabi/release/libmcci_bootloader_stm32l0.a(mccibootloader_stm32l0_systeminit.o)
 .debug_loc     0x0000000000006af3      0x386 /home/dhinesh/MCCI-IoT/Wakefield/20220408/COLLECTION-fed3wan/build/Catena4610_FED3-v1.0.0-ttn-us915-default-clk16-serboth-mcci_test/boot/arm-none-eabi/release/libmcci_bootloader_catena_abz.a(mccibootloaderboard_catenaabz_vectors.o)

.debug_aranges  0x0000000000000000      0x4d0
 .debug_aranges
                0x0000000000000000       0x28 /home/dhinesh/MCCI-IoT/Wakefield/20220408/COLLECTION-fed3wan/build/Catena4610_FED3-v1.0.0-ttn-us915-default-clk16-serboth-mcci_test/boot/arm-none-eabi/release/libmcci_bootloader.a(mccibootloader_main.o)
 .debug_aranges
                0x0000000000000028       0x20 /home/dhinesh/MCCI-IoT/Wakefield/20220408/COLLECTION-fed3wan/build/Catena4610_FED3-v1.0.0-ttn-us915-default-clk16-serboth-mcci_test/boot/arm-none-eabi/release/libmcci_bootloader.a(mccibootloader_programandcheckflash.o)
 .debug_aranges
                0x0000000000000048       0x20 /home/dhinesh/MCCI-IoT/Wakefield/20220408/COLLECTION-fed3wan/build/Catena4610_FED3-v1.0.0-ttn-us915-default-clk16-serboth-mcci_test/boot/arm-none-eabi/release/libmcci_bootloader.a(mccibootloaderplatform_entry.o)
 .debug_aranges
                0x0000000000000068       0x20 /home/dhinesh/MCCI-IoT/Wakefield/20220408/COLLECTION-fed3wan/build/Catena4610_FED3-v1.0.0-ttn-us915-default-clk16-serboth-mcci_test/boot/arm-none-eabi/release/libmcci_bootloader.a(mccibootloaderplatform_fail.o)
 .debug_aranges
                0x0000000000000088       0x20 /home/dhinesh/MCCI-IoT/Wakefield/20220408/COLLECTION-fed3wan/build/Catena4610_FED3-v1.0.0-ttn-us915-default-clk16-serboth-mcci_test/boot/arm-none-eabi/release/libmcci_bootloader.a(mccibootloader_checkcodevalid.o)
 .debug_aranges
                0x00000000000000a8       0x20 /home/dhinesh/MCCI-IoT/Wakefield/20220408/COLLECTION-fed3wan/build/Catena4610_FED3-v1.0.0-ttn-us915-default-clk16-serboth-mcci_test/boot/arm-none-eabi/release/libmcci_bootloader.a(mccibootloader_checkstorageimage.o)
 .debug_aranges
                0x00000000000000c8      0x170 /home/dhinesh/MCCI-IoT/Wakefield/20220408/COLLECTION-fed3wan/build/Catena4610_FED3-v1.0.0-ttn-us915-default-clk16-serboth-mcci_test/boot/arm-none-eabi/release/libmcci_tweetnacl.a(mcci_tweetnacl.o)
 .debug_aranges
                0x0000000000000238       0x20 /home/dhinesh/MCCI-IoT/Wakefield/20220408/COLLECTION-fed3wan/build/Catena4610_FED3-v1.0.0-ttn-us915-default-clk16-serboth-mcci_test/boot/arm-none-eabi/release/libmcci_bootloader_cm0plus.a(mccibootloaderplatform_checkimagevalid.o)
 .debug_aranges
                0x0000000000000258       0x20 /home/dhinesh/MCCI-IoT/Wakefield/20220408/COLLECTION-fed3wan/build/Catena4610_FED3-v1.0.0-ttn-us915-default-clk16-serboth-mcci_test/boot/arm-none-eabi/release/libmcci_bootloader_cm0plus.a(mccibootloaderplatform_getappinfo.o)
 .debug_aranges
                0x0000000000000278       0x20 /home/dhinesh/MCCI-IoT/Wakefield/20220408/COLLECTION-fed3wan/build/Catena4610_FED3-v1.0.0-ttn-us915-default-clk16-serboth-mcci_test/boot/arm-none-eabi/release/libmcci_bootloader_cm0plus.a(mccibootloaderplatform_getsignatureblock.o)
 .debug_aranges
                0x0000000000000298       0x20 /home/dhinesh/MCCI-IoT/Wakefield/20220408/COLLECTION-fed3wan/build/Catena4610_FED3-v1.0.0-ttn-us915-default-clk16-serboth-mcci_test/boot/arm-none-eabi/release/libmcci_bootloader_cm0plus.a(mccibootloaderplatform_startapp.o)
 .debug_aranges
                0x00000000000002b8       0x18 /home/dhinesh/MCCI-IoT/Wakefield/20220408/COLLECTION-fed3wan/build/Catena4610_FED3-v1.0.0-ttn-us915-default-clk16-serboth-mcci_test/boot/arm-none-eabi/release/libmcci_bootloader_catena4801.a(mccibootloaderboard_catena4801_platforminterface.o)
 .debug_aranges
                0x00000000000002d0       0x20 /home/dhinesh/MCCI-IoT/Wakefield/20220408/COLLECTION-fed3wan/build/Catena4610_FED3-v1.0.0-ttn-us915-default-clk16-serboth-mcci_test/boot/arm-none-eabi/release/libmcci_bootloader_catena4801.a(mccibootloaderboard_catena4801_storageinit.o)
 .debug_aranges
                0x00000000000002f0       0x30 /home/dhinesh/MCCI-IoT/Wakefield/20220408/COLLECTION-fed3wan/build/Catena4610_FED3-v1.0.0-ttn-us915-default-clk16-serboth-mcci_test/boot/arm-none-eabi/release/libmcci_bootloader_stm32l0.a(mccibootloader_stm32l0_systemflash.o)
 .debug_aranges
                0x0000000000000320       0x38 /home/dhinesh/MCCI-IoT/Wakefield/20220408/COLLECTION-fed3wan/build/Catena4610_FED3-v1.0.0-ttn-us915-default-clk16-serboth-mcci_test/boot/arm-none-eabi/release/libmcci_bootloader_catena_abz.a(mccibootloaderboard_catenaabz_annunciator.o)
 .debug_aranges
                0x0000000000000358       0x30 /home/dhinesh/MCCI-IoT/Wakefield/20220408/COLLECTION-fed3wan/build/Catena4610_FED3-v1.0.0-ttn-us915-default-clk16-serboth-mcci_test/boot/arm-none-eabi/release/libmcci_bootloader_catena_abz.a(mccibootloaderboard_catenaabz_eeprom.o)
 .debug_aranges
                0x0000000000000388       0x20 /home/dhinesh/MCCI-IoT/Wakefield/20220408/COLLECTION-fed3wan/build/Catena4610_FED3-v1.0.0-ttn-us915-default-clk16-serboth-mcci_test/boot/arm-none-eabi/release/libmcci_bootloader_catena_abz.a(mccibootloaderboard_catenaabz_prepareforlaunch.o)
 .debug_aranges
                0x00000000000003a8       0x28 /home/dhinesh/MCCI-IoT/Wakefield/20220408/COLLECTION-fed3wan/build/Catena4610_FED3-v1.0.0-ttn-us915-default-clk16-serboth-mcci_test/boot/arm-none-eabi/release/libmcci_bootloader_catena_abz.a(mccibootloaderboard_catenaabz_spi.o)
 .debug_aranges
                0x00000000000003d0       0x28 /home/dhinesh/MCCI-IoT/Wakefield/20220408/COLLECTION-fed3wan/build/Catena4610_FED3-v1.0.0-ttn-us915-default-clk16-serboth-mcci_test/boot/arm-none-eabi/release/libmcci_bootloader_catena_abz.a(mccibootloaderboard_catenaabz_storage.o)
 .debug_aranges
                0x00000000000003f8       0x40 /home/dhinesh/MCCI-IoT/Wakefield/20220408/COLLECTION-fed3wan/build/Catena4610_FED3-v1.0.0-ttn-us915-default-clk16-serboth-mcci_test/boot/arm-none-eabi/release/libmcci_bootloader_catena_abz.a(mccibootloaderboard_catenaabz_systeminit.o)
 .debug_aranges
                0x0000000000000438       0x30 /home/dhinesh/MCCI-IoT/Wakefield/20220408/COLLECTION-fed3wan/build/Catena4610_FED3-v1.0.0-ttn-us915-default-clk16-serboth-mcci_test/boot/arm-none-eabi/release/libmcci_bootloader_flash_mx25v8035f.a(mccibootloaderflash_mx25v8035f.o)
 .debug_aranges
                0x0000000000000468       0x20 /home/dhinesh/MCCI-IoT/Wakefield/20220408/COLLECTION-fed3wan/build/Catena4610_FED3-v1.0.0-ttn-us915-default-clk16-serboth-mcci_test/boot/arm-none-eabi/release/libmcci_bootloader_stm32l0.a(mccibootloader_stm32l0_prepareforlaunch.o)
 .debug_aranges
                0x0000000000000488       0x20 /home/dhinesh/MCCI-IoT/Wakefield/20220408/COLLECTION-fed3wan/build/Catena4610_FED3-v1.0.0-ttn-us915-default-clk16-serboth-mcci_test/boot/arm-none-eabi/release/libmcci_bootloader_stm32l0.a(mccibootloader_stm32l0_systeminit.o)
 .debug_aranges
                0x00000000000004a8       0x28 /home/dhinesh/MCCI-IoT/Wakefield/20220408/COLLECTION-fed3wan/build/Catena4610_FED3-v1.0.0-ttn-us915-default-clk16-serboth-mcci_test/boot/arm-none-eabi/release/libmcci_bootloader_catena_abz.a(mccibootloaderboard_catenaabz_vectors.o)

.debug_ranges   0x0000000000000000     0x1000
 .debug_ranges  0x0000000000000000       0xa8 /home/dhinesh/MCCI-IoT/Wakefield/20220408/COLLECTION-fed3wan/build/Catena4610_FED3-v1.0.0-ttn-us915-default-clk16-serboth-mcci_test/boot/arm-none-eabi/release/libmcci_bootloader.a(mccibootloader_main.o)
 .debug_ranges  0x00000000000000a8       0x30 /home/dhinesh/MCCI-IoT/Wakefield/20220408/COLLECTION-fed3wan/build/Catena4610_FED3-v1.0.0-ttn-us915-default-clk16-serboth-mcci_test/boot/arm-none-eabi/release/libmcci_bootloader.a(mccibootloader_programandcheckflash.o)
 .debug_ranges  0x00000000000000d8       0x58 /home/dhinesh/MCCI-IoT/Wakefield/20220408/COLLECTION-fed3wan/build/Catena4610_FED3-v1.0.0-ttn-us915-default-clk16-serboth-mcci_test/boot/arm-none-eabi/release/libmcci_bootloader.a(mccibootloaderplatform_entry.o)
 .debug_ranges  0x0000000000000130       0x10 /home/dhinesh/MCCI-IoT/Wakefield/20220408/COLLECTION-fed3wan/build/Catena4610_FED3-v1.0.0-ttn-us915-default-clk16-serboth-mcci_test/boot/arm-none-eabi/release/libmcci_bootloader.a(mccibootloaderplatform_fail.o)
 .debug_ranges  0x0000000000000140       0x40 /home/dhinesh/MCCI-IoT/Wakefield/20220408/COLLECTION-fed3wan/build/Catena4610_FED3-v1.0.0-ttn-us915-default-clk16-serboth-mcci_test/boot/arm-none-eabi/release/libmcci_bootloader.a(mccibootloader_checkcodevalid.o)
 .debug_ranges  0x0000000000000180       0xa0 /home/dhinesh/MCCI-IoT/Wakefield/20220408/COLLECTION-fed3wan/build/Catena4610_FED3-v1.0.0-ttn-us915-default-clk16-serboth-mcci_test/boot/arm-none-eabi/release/libmcci_bootloader.a(mccibootloader_checkstorageimage.o)
 .debug_ranges  0x0000000000000220      0x530 /home/dhinesh/MCCI-IoT/Wakefield/20220408/COLLECTION-fed3wan/build/Catena4610_FED3-v1.0.0-ttn-us915-default-clk16-serboth-mcci_test/boot/arm-none-eabi/release/libmcci_tweetnacl.a(mcci_tweetnacl.o)
 .debug_ranges  0x0000000000000750       0x10 /home/dhinesh/MCCI-IoT/Wakefield/20220408/COLLECTION-fed3wan/build/Catena4610_FED3-v1.0.0-ttn-us915-default-clk16-serboth-mcci_test/boot/arm-none-eabi/release/libmcci_bootloader_cm0plus.a(mccibootloaderplatform_checkimagevalid.o)
 .debug_ranges  0x0000000000000760       0x10 /home/dhinesh/MCCI-IoT/Wakefield/20220408/COLLECTION-fed3wan/build/Catena4610_FED3-v1.0.0-ttn-us915-default-clk16-serboth-mcci_test/boot/arm-none-eabi/release/libmcci_bootloader_cm0plus.a(mccibootloaderplatform_getappinfo.o)
 .debug_ranges  0x0000000000000770       0x10 /home/dhinesh/MCCI-IoT/Wakefield/20220408/COLLECTION-fed3wan/build/Catena4610_FED3-v1.0.0-ttn-us915-default-clk16-serboth-mcci_test/boot/arm-none-eabi/release/libmcci_bootloader_cm0plus.a(mccibootloaderplatform_getsignatureblock.o)
 .debug_ranges  0x0000000000000780       0x10 /home/dhinesh/MCCI-IoT/Wakefield/20220408/COLLECTION-fed3wan/build/Catena4610_FED3-v1.0.0-ttn-us915-default-clk16-serboth-mcci_test/boot/arm-none-eabi/release/libmcci_bootloader_cm0plus.a(mccibootloaderplatform_startapp.o)
 .debug_ranges  0x0000000000000790       0xf8 /home/dhinesh/MCCI-IoT/Wakefield/20220408/COLLECTION-fed3wan/build/Catena4610_FED3-v1.0.0-ttn-us915-default-clk16-serboth-mcci_test/boot/arm-none-eabi/release/libmcci_bootloader_catena4801.a(mccibootloaderboard_catena4801_storageinit.o)
 .debug_ranges  0x0000000000000888      0x110 /home/dhinesh/MCCI-IoT/Wakefield/20220408/COLLECTION-fed3wan/build/Catena4610_FED3-v1.0.0-ttn-us915-default-clk16-serboth-mcci_test/boot/arm-none-eabi/release/libmcci_bootloader_stm32l0.a(mccibootloader_stm32l0_systemflash.o)
 .debug_ranges  0x0000000000000998       0x28 /home/dhinesh/MCCI-IoT/Wakefield/20220408/COLLECTION-fed3wan/build/Catena4610_FED3-v1.0.0-ttn-us915-default-clk16-serboth-mcci_test/boot/arm-none-eabi/release/libmcci_bootloader_catena_abz.a(mccibootloaderboard_catenaabz_annunciator.o)
 .debug_ranges  0x00000000000009c0       0x38 /home/dhinesh/MCCI-IoT/Wakefield/20220408/COLLECTION-fed3wan/build/Catena4610_FED3-v1.0.0-ttn-us915-default-clk16-serboth-mcci_test/boot/arm-none-eabi/release/libmcci_bootloader_catena_abz.a(mccibootloaderboard_catenaabz_eeprom.o)
 .debug_ranges  0x00000000000009f8       0x10 /home/dhinesh/MCCI-IoT/Wakefield/20220408/COLLECTION-fed3wan/build/Catena4610_FED3-v1.0.0-ttn-us915-default-clk16-serboth-mcci_test/boot/arm-none-eabi/release/libmcci_bootloader_catena_abz.a(mccibootloaderboard_catenaabz_prepareforlaunch.o)
 .debug_ranges  0x0000000000000a08      0x118 /home/dhinesh/MCCI-IoT/Wakefield/20220408/COLLECTION-fed3wan/build/Catena4610_FED3-v1.0.0-ttn-us915-default-clk16-serboth-mcci_test/boot/arm-none-eabi/release/libmcci_bootloader_catena_abz.a(mccibootloaderboard_catenaabz_spi.o)
 .debug_ranges  0x0000000000000b20       0x18 /home/dhinesh/MCCI-IoT/Wakefield/20220408/COLLECTION-fed3wan/build/Catena4610_FED3-v1.0.0-ttn-us915-default-clk16-serboth-mcci_test/boot/arm-none-eabi/release/libmcci_bootloader_catena_abz.a(mccibootloaderboard_catenaabz_storage.o)
 .debug_ranges  0x0000000000000b38      0x128 /home/dhinesh/MCCI-IoT/Wakefield/20220408/COLLECTION-fed3wan/build/Catena4610_FED3-v1.0.0-ttn-us915-default-clk16-serboth-mcci_test/boot/arm-none-eabi/release/libmcci_bootloader_catena_abz.a(mccibootloaderboard_catenaabz_systeminit.o)
 .debug_ranges  0x0000000000000c60       0x20 /home/dhinesh/MCCI-IoT/Wakefield/20220408/COLLECTION-fed3wan/build/Catena4610_FED3-v1.0.0-ttn-us915-default-clk16-serboth-mcci_test/boot/arm-none-eabi/release/libmcci_bootloader_flash_mx25v8035f.a(mccibootloaderflash_mx25v8035f.o)
 .debug_ranges  0x0000000000000c80      0x178 /home/dhinesh/MCCI-IoT/Wakefield/20220408/COLLECTION-fed3wan/build/Catena4610_FED3-v1.0.0-ttn-us915-default-clk16-serboth-mcci_test/boot/arm-none-eabi/release/libmcci_bootloader_stm32l0.a(mccibootloader_stm32l0_prepareforlaunch.o)
 .debug_ranges  0x0000000000000df8      0x1d8 /home/dhinesh/MCCI-IoT/Wakefield/20220408/COLLECTION-fed3wan/build/Catena4610_FED3-v1.0.0-ttn-us915-default-clk16-serboth-mcci_test/boot/arm-none-eabi/release/libmcci_bootloader_stm32l0.a(mccibootloader_stm32l0_systeminit.o)
 .debug_ranges  0x0000000000000fd0       0x30 /home/dhinesh/MCCI-IoT/Wakefield/20220408/COLLECTION-fed3wan/build/Catena4610_FED3-v1.0.0-ttn-us915-default-clk16-serboth-mcci_test/boot/arm-none-eabi/release/libmcci_bootloader_catena_abz.a(mccibootloaderboard_catenaabz_vectors.o)

.debug_line     0x0000000000000000     0x7029
 .debug_line    0x0000000000000000      0x440 /home/dhinesh/MCCI-IoT/Wakefield/20220408/COLLECTION-fed3wan/build/Catena4610_FED3-v1.0.0-ttn-us915-default-clk16-serboth-mcci_test/boot/arm-none-eabi/release/libmcci_bootloader.a(mccibootloader_main.o)
 .debug_line    0x0000000000000440      0x3a1 /home/dhinesh/MCCI-IoT/Wakefield/20220408/COLLECTION-fed3wan/build/Catena4610_FED3-v1.0.0-ttn-us915-default-clk16-serboth-mcci_test/boot/arm-none-eabi/release/libmcci_bootloader.a(mccibootloader_programandcheckflash.o)
 .debug_line    0x00000000000007e1      0x372 /home/dhinesh/MCCI-IoT/Wakefield/20220408/COLLECTION-fed3wan/build/Catena4610_FED3-v1.0.0-ttn-us915-default-clk16-serboth-mcci_test/boot/arm-none-eabi/release/libmcci_bootloader.a(mccibootloaderplatform_entry.o)
 .debug_line    0x0000000000000b53      0x338 /home/dhinesh/MCCI-IoT/Wakefield/20220408/COLLECTION-fed3wan/build/Catena4610_FED3-v1.0.0-ttn-us915-default-clk16-serboth-mcci_test/boot/arm-none-eabi/release/libmcci_bootloader.a(mccibootloaderplatform_fail.o)
 .debug_line    0x0000000000000e8b      0x3e4 /home/dhinesh/MCCI-IoT/Wakefield/20220408/COLLECTION-fed3wan/build/Catena4610_FED3-v1.0.0-ttn-us915-default-clk16-serboth-mcci_test/boot/arm-none-eabi/release/libmcci_bootloader.a(mccibootloader_checkcodevalid.o)
 .debug_line    0x000000000000126f      0x483 /home/dhinesh/MCCI-IoT/Wakefield/20220408/COLLECTION-fed3wan/build/Catena4610_FED3-v1.0.0-ttn-us915-default-clk16-serboth-mcci_test/boot/arm-none-eabi/release/libmcci_bootloader.a(mccibootloader_checkstorageimage.o)
 .debug_line    0x00000000000016f2      0xe06 /home/dhinesh/MCCI-IoT/Wakefield/20220408/COLLECTION-fed3wan/build/Catena4610_FED3-v1.0.0-ttn-us915-default-clk16-serboth-mcci_test/boot/arm-none-eabi/release/libmcci_tweetnacl.a(mcci_tweetnacl.o)
 .debug_line    0x00000000000024f8      0x3d6 /home/dhinesh/MCCI-IoT/Wakefield/20220408/COLLECTION-fed3wan/build/Catena4610_FED3-v1.0.0-ttn-us915-default-clk16-serboth-mcci_test/boot/arm-none-eabi/release/libmcci_bootloader_cm0plus.a(mccibootloaderplatform_checkimagevalid.o)
 .debug_line    0x00000000000028ce      0x3aa /home/dhinesh/MCCI-IoT/Wakefield/20220408/COLLECTION-fed3wan/build/Catena4610_FED3-v1.0.0-ttn-us915-default-clk16-serboth-mcci_test/boot/arm-none-eabi/release/libmcci_bootloader_cm0plus.a(mccibootloaderplatform_getappinfo.o)
 .debug_line    0x0000000000002c78      0x3a5 /home/dhinesh/MCCI-IoT/Wakefield/20220408/COLLECTION-fed3wan/build/Catena4610_FED3-v1.0.0-ttn-us915-default-clk16-serboth-mcci_test/boot/arm-none-eabi/release/libmcci_bootloader_cm0plus.a(mccibootloaderplatform_getsignatureblock.o)
 .debug_line    0x000000000000301d      0x2f6 /home/dhinesh/MCCI-IoT/Wakefield/20220408/COLLECTION-fed3wan/build/Catena4610_FED3-v1.0.0-ttn-us915-default-clk16-serboth-mcci_test/boot/arm-none-eabi/release/libmcci_bootloader_cm0plus.a(mccibootloaderplatform_startapp.o)
 .debug_line    0x0000000000003313      0x3df /home/dhinesh/MCCI-IoT/Wakefield/20220408/COLLECTION-fed3wan/build/Catena4610_FED3-v1.0.0-ttn-us915-default-clk16-serboth-mcci_test/boot/arm-none-eabi/release/libmcci_bootloader_catena4801.a(mccibootloaderboard_catena4801_platforminterface.o)
 .debug_line    0x00000000000036f2      0x49f /home/dhinesh/MCCI-IoT/Wakefield/20220408/COLLECTION-fed3wan/build/Catena4610_FED3-v1.0.0-ttn-us915-default-clk16-serboth-mcci_test/boot/arm-none-eabi/release/libmcci_bootloader_catena4801.a(mccibootloaderboard_catena4801_storageinit.o)
 .debug_line    0x0000000000003b91      0x551 /home/dhinesh/MCCI-IoT/Wakefield/20220408/COLLECTION-fed3wan/build/Catena4610_FED3-v1.0.0-ttn-us915-default-clk16-serboth-mcci_test/boot/arm-none-eabi/release/libmcci_bootloader_stm32l0.a(mccibootloader_stm32l0_systemflash.o)
 .debug_line    0x00000000000040e2      0x4c5 /home/dhinesh/MCCI-IoT/Wakefield/20220408/COLLECTION-fed3wan/build/Catena4610_FED3-v1.0.0-ttn-us915-default-clk16-serboth-mcci_test/boot/arm-none-eabi/release/libmcci_bootloader_catena_abz.a(mccibootloaderboard_catenaabz_annunciator.o)
 .debug_line    0x00000000000045a7      0x4b5 /home/dhinesh/MCCI-IoT/Wakefield/20220408/COLLECTION-fed3wan/build/Catena4610_FED3-v1.0.0-ttn-us915-default-clk16-serboth-mcci_test/boot/arm-none-eabi/release/libmcci_bootloader_catena_abz.a(mccibootloaderboard_catenaabz_eeprom.o)
 .debug_line    0x0000000000004a5c      0x3ef /home/dhinesh/MCCI-IoT/Wakefield/20220408/COLLECTION-fed3wan/build/Catena4610_FED3-v1.0.0-ttn-us915-default-clk16-serboth-mcci_test/boot/arm-none-eabi/release/libmcci_bootloader_catena_abz.a(mccibootloaderboard_catenaabz_prepareforlaunch.o)
 .debug_line    0x0000000000004e4b      0x503 /home/dhinesh/MCCI-IoT/Wakefield/20220408/COLLECTION-fed3wan/build/Catena4610_FED3-v1.0.0-ttn-us915-default-clk16-serboth-mcci_test/boot/arm-none-eabi/release/libmcci_bootloader_catena_abz.a(mccibootloaderboard_catenaabz_spi.o)
 .debug_line    0x000000000000534e      0x3f4 /home/dhinesh/MCCI-IoT/Wakefield/20220408/COLLECTION-fed3wan/build/Catena4610_FED3-v1.0.0-ttn-us915-default-clk16-serboth-mcci_test/boot/arm-none-eabi/release/libmcci_bootloader_catena_abz.a(mccibootloaderboard_catenaabz_storage.o)
 .debug_line    0x0000000000005742      0x57c /home/dhinesh/MCCI-IoT/Wakefield/20220408/COLLECTION-fed3wan/build/Catena4610_FED3-v1.0.0-ttn-us915-default-clk16-serboth-mcci_test/boot/arm-none-eabi/release/libmcci_bootloader_catena_abz.a(mccibootloaderboard_catenaabz_systeminit.o)
 .debug_line    0x0000000000005cbe      0x3e1 /home/dhinesh/MCCI-IoT/Wakefield/20220408/COLLECTION-fed3wan/build/Catena4610_FED3-v1.0.0-ttn-us915-default-clk16-serboth-mcci_test/boot/arm-none-eabi/release/libmcci_bootloader_flash_mx25v8035f.a(mccibootloaderflash_mx25v8035f.o)
 .debug_line    0x000000000000609f      0x482 /home/dhinesh/MCCI-IoT/Wakefield/20220408/COLLECTION-fed3wan/build/Catena4610_FED3-v1.0.0-ttn-us915-default-clk16-serboth-mcci_test/boot/arm-none-eabi/release/libmcci_bootloader_stm32l0.a(mccibootloader_stm32l0_prepareforlaunch.o)
 .debug_line    0x0000000000006521      0x5f4 /home/dhinesh/MCCI-IoT/Wakefield/20220408/COLLECTION-fed3wan/build/Catena4610_FED3-v1.0.0-ttn-us915-default-clk16-serboth-mcci_test/boot/arm-none-eabi/release/libmcci_bootloader_stm32l0.a(mccibootloader_stm32l0_systeminit.o)
 .debug_line    0x0000000000006b15      0x514 /home/dhinesh/MCCI-IoT/Wakefield/20220408/COLLECTION-fed3wan/build/Catena4610_FED3-v1.0.0-ttn-us915-default-clk16-serboth-mcci_test/boot/arm-none-eabi/release/libmcci_bootloader_catena_abz.a(mccibootloaderboard_catenaabz_vectors.o)

.debug_str      0x0000000000000000     0x31a0
 .debug_str     0x0000000000000000     0x1393 /home/dhinesh/MCCI-IoT/Wakefield/20220408/COLLECTION-fed3wan/build/Catena4610_FED3-v1.0.0-ttn-us915-default-clk16-serboth-mcci_test/boot/arm-none-eabi/release/libmcci_bootloader.a(mccibootloader_main.o)
                                       0x1429 (size before relaxing)
 .debug_str     0x0000000000001393      0x144 /home/dhinesh/MCCI-IoT/Wakefield/20220408/COLLECTION-fed3wan/build/Catena4610_FED3-v1.0.0-ttn-us915-default-clk16-serboth-mcci_test/boot/arm-none-eabi/release/libmcci_bootloader.a(mccibootloader_programandcheckflash.o)
                                       0x1011 (size before relaxing)
 .debug_str     0x00000000000014d7       0x67 /home/dhinesh/MCCI-IoT/Wakefield/20220408/COLLECTION-fed3wan/build/Catena4610_FED3-v1.0.0-ttn-us915-default-clk16-serboth-mcci_test/boot/arm-none-eabi/release/libmcci_bootloader.a(mccibootloaderplatform_entry.o)
                                        0xd29 (size before relaxing)
 .debug_str     0x000000000000153e       0x4e /home/dhinesh/MCCI-IoT/Wakefield/20220408/COLLECTION-fed3wan/build/Catena4610_FED3-v1.0.0-ttn-us915-default-clk16-serboth-mcci_test/boot/arm-none-eabi/release/libmcci_bootloader.a(mccibootloaderplatform_fail.o)
                                        0xcf2 (size before relaxing)
 .debug_str     0x000000000000158c      0x12d /home/dhinesh/MCCI-IoT/Wakefield/20220408/COLLECTION-fed3wan/build/Catena4610_FED3-v1.0.0-ttn-us915-default-clk16-serboth-mcci_test/boot/arm-none-eabi/release/libmcci_bootloader.a(mccibootloader_checkcodevalid.o)
                                        0xf99 (size before relaxing)
 .debug_str     0x00000000000016b9      0x237 /home/dhinesh/MCCI-IoT/Wakefield/20220408/COLLECTION-fed3wan/build/Catena4610_FED3-v1.0.0-ttn-us915-default-clk16-serboth-mcci_test/boot/arm-none-eabi/release/libmcci_bootloader.a(mccibootloader_checkstorageimage.o)
                                       0x11de (size before relaxing)
 .debug_str     0x00000000000018f0      0x521 /home/dhinesh/MCCI-IoT/Wakefield/20220408/COLLECTION-fed3wan/build/Catena4610_FED3-v1.0.0-ttn-us915-default-clk16-serboth-mcci_test/boot/arm-none-eabi/release/libmcci_tweetnacl.a(mcci_tweetnacl.o)
                                        0xae5 (size before relaxing)
 .debug_str     0x0000000000001e11      0x202 /home/dhinesh/MCCI-IoT/Wakefield/20220408/COLLECTION-fed3wan/build/Catena4610_FED3-v1.0.0-ttn-us915-default-clk16-serboth-mcci_test/boot/arm-none-eabi/release/libmcci_bootloader_cm0plus.a(mccibootloaderplatform_checkimagevalid.o)
                                        0xfc6 (size before relaxing)
 .debug_str     0x0000000000002013       0x3e /home/dhinesh/MCCI-IoT/Wakefield/20220408/COLLECTION-fed3wan/build/Catena4610_FED3-v1.0.0-ttn-us915-default-clk16-serboth-mcci_test/boot/arm-none-eabi/release/libmcci_bootloader_cm0plus.a(mccibootloaderplatform_getappinfo.o)
                                        0xdc3 (size before relaxing)
 .debug_str     0x0000000000002051       0x45 /home/dhinesh/MCCI-IoT/Wakefield/20220408/COLLECTION-fed3wan/build/Catena4610_FED3-v1.0.0-ttn-us915-default-clk16-serboth-mcci_test/boot/arm-none-eabi/release/libmcci_bootloader_cm0plus.a(mccibootloaderplatform_getsignatureblock.o)
                                        0xcfd (size before relaxing)
 .debug_str     0x0000000000002096       0xcc /home/dhinesh/MCCI-IoT/Wakefield/20220408/COLLECTION-fed3wan/build/Catena4610_FED3-v1.0.0-ttn-us915-default-clk16-serboth-mcci_test/boot/arm-none-eabi/release/libmcci_bootloader_cm0plus.a(mccibootloaderplatform_startapp.o)
                                        0x829 (size before relaxing)
 .debug_str     0x0000000000002162       0x76 /home/dhinesh/MCCI-IoT/Wakefield/20220408/COLLECTION-fed3wan/build/Catena4610_FED3-v1.0.0-ttn-us915-default-clk16-serboth-mcci_test/boot/arm-none-eabi/release/libmcci_bootloader_catena4801.a(mccibootloaderboard_catena4801_platforminterface.o)
                                        0xdb6 (size before relaxing)
 .debug_str     0x00000000000021d8      0x144 /home/dhinesh/MCCI-IoT/Wakefield/20220408/COLLECTION-fed3wan/build/Catena4610_FED3-v1.0.0-ttn-us915-default-clk16-serboth-mcci_test/boot/arm-none-eabi/release/libmcci_bootloader_catena4801.a(mccibootloaderboard_catena4801_storageinit.o)
                                        0xeb3 (size before relaxing)
 .debug_str     0x000000000000231c      0x126 /home/dhinesh/MCCI-IoT/Wakefield/20220408/COLLECTION-fed3wan/build/Catena4610_FED3-v1.0.0-ttn-us915-default-clk16-serboth-mcci_test/boot/arm-none-eabi/release/libmcci_bootloader_stm32l0.a(mccibootloader_stm32l0_systemflash.o)
                                        0x9fb (size before relaxing)
 .debug_str     0x0000000000002442      0x20c /home/dhinesh/MCCI-IoT/Wakefield/20220408/COLLECTION-fed3wan/build/Catena4610_FED3-v1.0.0-ttn-us915-default-clk16-serboth-mcci_test/boot/arm-none-eabi/release/libmcci_bootloader_catena_abz.a(mccibootloaderboard_catenaabz_annunciator.o)
                                       0x1143 (size before relaxing)
 .debug_str     0x000000000000264e      0x15f /home/dhinesh/MCCI-IoT/Wakefield/20220408/COLLECTION-fed3wan/build/Catena4610_FED3-v1.0.0-ttn-us915-default-clk16-serboth-mcci_test/boot/arm-none-eabi/release/libmcci_bootloader_catena_abz.a(mccibootloaderboard_catenaabz_eeprom.o)
                                        0xefb (size before relaxing)
 .debug_str     0x00000000000027ad       0xab /home/dhinesh/MCCI-IoT/Wakefield/20220408/COLLECTION-fed3wan/build/Catena4610_FED3-v1.0.0-ttn-us915-default-clk16-serboth-mcci_test/boot/arm-none-eabi/release/libmcci_bootloader_catena_abz.a(mccibootloaderboard_catenaabz_prepareforlaunch.o)
                                        0xe0b (size before relaxing)
 .debug_str     0x0000000000002858       0xaf /home/dhinesh/MCCI-IoT/Wakefield/20220408/COLLECTION-fed3wan/build/Catena4610_FED3-v1.0.0-ttn-us915-default-clk16-serboth-mcci_test/boot/arm-none-eabi/release/libmcci_bootloader_catena_abz.a(mccibootloaderboard_catenaabz_spi.o)
                                        0xe93 (size before relaxing)
 .debug_str     0x0000000000002907       0xba /home/dhinesh/MCCI-IoT/Wakefield/20220408/COLLECTION-fed3wan/build/Catena4610_FED3-v1.0.0-ttn-us915-default-clk16-serboth-mcci_test/boot/arm-none-eabi/release/libmcci_bootloader_catena_abz.a(mccibootloaderboard_catenaabz_storage.o)
                                        0xe1a (size before relaxing)
 .debug_str     0x00000000000029c1      0x132 /home/dhinesh/MCCI-IoT/Wakefield/20220408/COLLECTION-fed3wan/build/Catena4610_FED3-v1.0.0-ttn-us915-default-clk16-serboth-mcci_test/boot/arm-none-eabi/release/libmcci_bootloader_catena_abz.a(mccibootloaderboard_catenaabz_systeminit.o)
                                       0x12ea (size before relaxing)
 .debug_str     0x0000000000002af3      0x1c6 /home/dhinesh/MCCI-IoT/Wakefield/20220408/COLLECTION-fed3wan/build/Catena4610_FED3-v1.0.0-ttn-us915-default-clk16-serboth-mcci_test/boot/arm-none-eabi/release/libmcci_bootloader_flash_mx25v8035f.a(mccibootloaderflash_mx25v8035f.o)
                                       0x105c (size before relaxing)
 .debug_str     0x0000000000002cb9       0x43 /home/dhinesh/MCCI-IoT/Wakefield/20220408/COLLECTION-fed3wan/build/Catena4610_FED3-v1.0.0-ttn-us915-default-clk16-serboth-mcci_test/boot/arm-none-eabi/release/libmcci_bootloader_stm32l0.a(mccibootloader_stm32l0_prepareforlaunch.o)
                                        0x92b (size before relaxing)
 .debug_str     0x0000000000002cfc       0xa2 /home/dhinesh/MCCI-IoT/Wakefield/20220408/COLLECTION-fed3wan/build/Catena4610_FED3-v1.0.0-ttn-us915-default-clk16-serboth-mcci_test/boot/arm-none-eabi/release/libmcci_bootloader_stm32l0.a(mccibootloader_stm32l0_systeminit.o)
                                       0x1206 (size before relaxing)
 .debug_str     0x0000000000002d9e      0x402 /home/dhinesh/MCCI-IoT/Wakefield/20220408/COLLECTION-fed3wan/build/Catena4610_FED3-v1.0.0-ttn-us915-default-clk16-serboth-mcci_test/boot/arm-none-eabi/release/libmcci_bootloader_catena_abz.a(mccibootloaderboard_catenaabz_vectors.o)
                                       0x1630 (size before relaxing)

.comment        0x0000000000000000       0x7f
 .comment       0x0000000000000000       0x7f /home/dhinesh/MCCI-IoT/Wakefield/20220408/COLLECTION-fed3wan/build/Catena4610_FED3-v1.0.0-ttn-us915-default-clk16-serboth-mcci_test/boot/arm-none-eabi/release/libmcci_bootloader.a(mccibootloader_main.o)
                                         0x80 (size before relaxing)
 .comment       0x000000000000007f       0x80 /home/dhinesh/MCCI-IoT/Wakefield/20220408/COLLECTION-fed3wan/build/Catena4610_FED3-v1.0.0-ttn-us915-default-clk16-serboth-mcci_test/boot/arm-none-eabi/release/libmcci_bootloader.a(mccibootloader_programandcheckflash.o)
 .comment       0x000000000000007f       0x80 /home/dhinesh/MCCI-IoT/Wakefield/20220408/COLLECTION-fed3wan/build/Catena4610_FED3-v1.0.0-ttn-us915-default-clk16-serboth-mcci_test/boot/arm-none-eabi/release/libmcci_bootloader.a(mccibootloaderplatform_entry.o)
 .comment       0x000000000000007f       0x80 /home/dhinesh/MCCI-IoT/Wakefield/20220408/COLLECTION-fed3wan/build/Catena4610_FED3-v1.0.0-ttn-us915-default-clk16-serboth-mcci_test/boot/arm-none-eabi/release/libmcci_bootloader.a(mccibootloaderplatform_fail.o)
 .comment       0x000000000000007f       0x80 /home/dhinesh/MCCI-IoT/Wakefield/20220408/COLLECTION-fed3wan/build/Catena4610_FED3-v1.0.0-ttn-us915-default-clk16-serboth-mcci_test/boot/arm-none-eabi/release/libmcci_bootloader.a(mccibootloader_checkcodevalid.o)
 .comment       0x000000000000007f       0x80 /home/dhinesh/MCCI-IoT/Wakefield/20220408/COLLECTION-fed3wan/build/Catena4610_FED3-v1.0.0-ttn-us915-default-clk16-serboth-mcci_test/boot/arm-none-eabi/release/libmcci_bootloader.a(mccibootloader_checkstorageimage.o)
 .comment       0x000000000000007f       0x80 /home/dhinesh/MCCI-IoT/Wakefield/20220408/COLLECTION-fed3wan/build/Catena4610_FED3-v1.0.0-ttn-us915-default-clk16-serboth-mcci_test/boot/arm-none-eabi/release/libmcci_tweetnacl.a(mcci_tweetnacl.o)
 .comment       0x000000000000007f       0x80 /home/dhinesh/MCCI-IoT/Wakefield/20220408/COLLECTION-fed3wan/build/Catena4610_FED3-v1.0.0-ttn-us915-default-clk16-serboth-mcci_test/boot/arm-none-eabi/release/libmcci_bootloader_cm0plus.a(mccibootloaderplatform_checkimagevalid.o)
 .comment       0x000000000000007f       0x80 /home/dhinesh/MCCI-IoT/Wakefield/20220408/COLLECTION-fed3wan/build/Catena4610_FED3-v1.0.0-ttn-us915-default-clk16-serboth-mcci_test/boot/arm-none-eabi/release/libmcci_bootloader_cm0plus.a(mccibootloaderplatform_getappinfo.o)
 .comment       0x000000000000007f       0x80 /home/dhinesh/MCCI-IoT/Wakefield/20220408/COLLECTION-fed3wan/build/Catena4610_FED3-v1.0.0-ttn-us915-default-clk16-serboth-mcci_test/boot/arm-none-eabi/release/libmcci_bootloader_cm0plus.a(mccibootloaderplatform_getsignatureblock.o)
 .comment       0x000000000000007f       0x80 /home/dhinesh/MCCI-IoT/Wakefield/20220408/COLLECTION-fed3wan/build/Catena4610_FED3-v1.0.0-ttn-us915-default-clk16-serboth-mcci_test/boot/arm-none-eabi/release/libmcci_bootloader_cm0plus.a(mccibootloaderplatform_startapp.o)
 .comment       0x000000000000007f       0x80 /home/dhinesh/MCCI-IoT/Wakefield/20220408/COLLECTION-fed3wan/build/Catena4610_FED3-v1.0.0-ttn-us915-default-clk16-serboth-mcci_test/boot/arm-none-eabi/release/libmcci_bootloader_catena4801.a(mccibootloaderboard_catena4801_platforminterface.o)
 .comment       0x000000000000007f       0x80 /home/dhinesh/MCCI-IoT/Wakefield/20220408/COLLECTION-fed3wan/build/Catena4610_FED3-v1.0.0-ttn-us915-default-clk16-serboth-mcci_test/boot/arm-none-eabi/release/libmcci_bootloader_catena4801.a(mccibootloaderboard_catena4801_storageinit.o)
 .comment       0x000000000000007f       0x80 /home/dhinesh/MCCI-IoT/Wakefield/20220408/COLLECTION-fed3wan/build/Catena4610_FED3-v1.0.0-ttn-us915-default-clk16-serboth-mcci_test/boot/arm-none-eabi/release/libmcci_bootloader_stm32l0.a(mccibootloader_stm32l0_systemflash.o)
 .comment       0x000000000000007f       0x80 /home/dhinesh/MCCI-IoT/Wakefield/20220408/COLLECTION-fed3wan/build/Catena4610_FED3-v1.0.0-ttn-us915-default-clk16-serboth-mcci_test/boot/arm-none-eabi/release/libmcci_bootloader_catena_abz.a(mccibootloaderboard_catenaabz_annunciator.o)
 .comment       0x000000000000007f       0x80 /home/dhinesh/MCCI-IoT/Wakefield/20220408/COLLECTION-fed3wan/build/Catena4610_FED3-v1.0.0-ttn-us915-default-clk16-serboth-mcci_test/boot/arm-none-eabi/release/libmcci_bootloader_catena_abz.a(mccibootloaderboard_catenaabz_eeprom.o)
 .comment       0x000000000000007f       0x80 /home/dhinesh/MCCI-IoT/Wakefield/20220408/COLLECTION-fed3wan/build/Catena4610_FED3-v1.0.0-ttn-us915-default-clk16-serboth-mcci_test/boot/arm-none-eabi/release/libmcci_bootloader_catena_abz.a(mccibootloaderboard_catenaabz_prepareforlaunch.o)
 .comment       0x000000000000007f       0x80 /home/dhinesh/MCCI-IoT/Wakefield/20220408/COLLECTION-fed3wan/build/Catena4610_FED3-v1.0.0-ttn-us915-default-clk16-serboth-mcci_test/boot/arm-none-eabi/release/libmcci_bootloader_catena_abz.a(mccibootloaderboard_catenaabz_spi.o)
 .comment       0x000000000000007f       0x80 /home/dhinesh/MCCI-IoT/Wakefield/20220408/COLLECTION-fed3wan/build/Catena4610_FED3-v1.0.0-ttn-us915-default-clk16-serboth-mcci_test/boot/arm-none-eabi/release/libmcci_bootloader_catena_abz.a(mccibootloaderboard_catenaabz_storage.o)
 .comment       0x000000000000007f       0x80 /home/dhinesh/MCCI-IoT/Wakefield/20220408/COLLECTION-fed3wan/build/Catena4610_FED3-v1.0.0-ttn-us915-default-clk16-serboth-mcci_test/boot/arm-none-eabi/release/libmcci_bootloader_catena_abz.a(mccibootloaderboard_catenaabz_systeminit.o)
 .comment       0x000000000000007f       0x80 /home/dhinesh/MCCI-IoT/Wakefield/20220408/COLLECTION-fed3wan/build/Catena4610_FED3-v1.0.0-ttn-us915-default-clk16-serboth-mcci_test/boot/arm-none-eabi/release/libmcci_bootloader_flash_mx25v8035f.a(mccibootloaderflash_mx25v8035f.o)
 .comment       0x000000000000007f       0x80 /home/dhinesh/MCCI-IoT/Wakefield/20220408/COLLECTION-fed3wan/build/Catena4610_FED3-v1.0.0-ttn-us915-default-clk16-serboth-mcci_test/boot/arm-none-eabi/release/libmcci_bootloader_stm32l0.a(mccibootloader_stm32l0_prepareforlaunch.o)
 .comment       0x000000000000007f       0x80 /home/dhinesh/MCCI-IoT/Wakefield/20220408/COLLECTION-fed3wan/build/Catena4610_FED3-v1.0.0-ttn-us915-default-clk16-serboth-mcci_test/boot/arm-none-eabi/release/libmcci_bootloader_stm32l0.a(mccibootloader_stm32l0_systeminit.o)
 .comment       0x000000000000007f       0x80 /home/dhinesh/MCCI-IoT/Wakefield/20220408/COLLECTION-fed3wan/build/Catena4610_FED3-v1.0.0-ttn-us915-default-clk16-serboth-mcci_test/boot/arm-none-eabi/release/libmcci_bootloader_catena_abz.a(mccibootloaderboard_catenaabz_vectors.o)

.ARM.attributes
                0x0000000000000000       0x30
 .ARM.attributes
                0x0000000000000000       0x32 /home/dhinesh/MCCI-IoT/Wakefield/20220408/COLLECTION-fed3wan/build/Catena4610_FED3-v1.0.0-ttn-us915-default-clk16-serboth-mcci_test/boot/arm-none-eabi/release/libmcci_bootloader.a(mccibootloader_main.o)
 .ARM.attributes
                0x0000000000000032       0x32 /home/dhinesh/MCCI-IoT/Wakefield/20220408/COLLECTION-fed3wan/build/Catena4610_FED3-v1.0.0-ttn-us915-default-clk16-serboth-mcci_test/boot/arm-none-eabi/release/libmcci_bootloader.a(mccibootloader_programandcheckflash.o)
 .ARM.attributes
                0x0000000000000064       0x32 /home/dhinesh/MCCI-IoT/Wakefield/20220408/COLLECTION-fed3wan/build/Catena4610_FED3-v1.0.0-ttn-us915-default-clk16-serboth-mcci_test/boot/arm-none-eabi/release/libmcci_bootloader.a(mccibootloaderplatform_entry.o)
 .ARM.attributes
                0x0000000000000096       0x32 /home/dhinesh/MCCI-IoT/Wakefield/20220408/COLLECTION-fed3wan/build/Catena4610_FED3-v1.0.0-ttn-us915-default-clk16-serboth-mcci_test/boot/arm-none-eabi/release/libmcci_bootloader.a(mccibootloaderplatform_fail.o)
 .ARM.attributes
                0x00000000000000c8       0x32 /home/dhinesh/MCCI-IoT/Wakefield/20220408/COLLECTION-fed3wan/build/Catena4610_FED3-v1.0.0-ttn-us915-default-clk16-serboth-mcci_test/boot/arm-none-eabi/release/libmcci_bootloader.a(mccibootloader_checkcodevalid.o)
 .ARM.attributes
                0x00000000000000fa       0x32 /home/dhinesh/MCCI-IoT/Wakefield/20220408/COLLECTION-fed3wan/build/Catena4610_FED3-v1.0.0-ttn-us915-default-clk16-serboth-mcci_test/boot/arm-none-eabi/release/libmcci_bootloader.a(mccibootloader_checkstorageimage.o)
 .ARM.attributes
                0x000000000000012c       0x32 /home/dhinesh/MCCI-IoT/Wakefield/20220408/COLLECTION-fed3wan/build/Catena4610_FED3-v1.0.0-ttn-us915-default-clk16-serboth-mcci_test/boot/arm-none-eabi/release/libmcci_tweetnacl.a(mcci_tweetnacl.o)
 .ARM.attributes
                0x000000000000015e       0x2c /home/dhinesh/.arduino15/packages/mcci/tools/arm-none-eabi-gcc/6-2017-q2-update/bin/../lib/gcc/arm-none-eabi/6.3.1/thumb/v6-m/libgcc.a(_muldi3.o)
 .ARM.attributes
                0x000000000000018a       0x2c /home/dhinesh/.arduino15/packages/mcci/tools/arm-none-eabi-gcc/6-2017-q2-update/bin/../lib/gcc/arm-none-eabi/6.3.1/../../../../arm-none-eabi/lib/thumb/v6-m/libc.a(lib_a-memcpy-stub.o)
 .ARM.attributes
                0x00000000000001b6       0x2c /home/dhinesh/.arduino15/packages/mcci/tools/arm-none-eabi-gcc/6-2017-q2-update/bin/../lib/gcc/arm-none-eabi/6.3.1/../../../../arm-none-eabi/lib/thumb/v6-m/libc.a(lib_a-memset.o)
 .ARM.attributes
                0x00000000000001e2       0x32 /home/dhinesh/MCCI-IoT/Wakefield/20220408/COLLECTION-fed3wan/build/Catena4610_FED3-v1.0.0-ttn-us915-default-clk16-serboth-mcci_test/boot/arm-none-eabi/release/libmcci_bootloader_cm0plus.a(mccibootloaderplatform_checkimagevalid.o)
 .ARM.attributes
                0x0000000000000214       0x32 /home/dhinesh/MCCI-IoT/Wakefield/20220408/COLLECTION-fed3wan/build/Catena4610_FED3-v1.0.0-ttn-us915-default-clk16-serboth-mcci_test/boot/arm-none-eabi/release/libmcci_bootloader_cm0plus.a(mccibootloaderplatform_getappinfo.o)
 .ARM.attributes
                0x0000000000000246       0x32 /home/dhinesh/MCCI-IoT/Wakefield/20220408/COLLECTION-fed3wan/build/Catena4610_FED3-v1.0.0-ttn-us915-default-clk16-serboth-mcci_test/boot/arm-none-eabi/release/libmcci_bootloader_cm0plus.a(mccibootloaderplatform_getsignatureblock.o)
 .ARM.attributes
                0x0000000000000278       0x32 /home/dhinesh/MCCI-IoT/Wakefield/20220408/COLLECTION-fed3wan/build/Catena4610_FED3-v1.0.0-ttn-us915-default-clk16-serboth-mcci_test/boot/arm-none-eabi/release/libmcci_bootloader_cm0plus.a(mccibootloaderplatform_startapp.o)
 .ARM.attributes
                0x00000000000002aa       0x32 /home/dhinesh/MCCI-IoT/Wakefield/20220408/COLLECTION-fed3wan/build/Catena4610_FED3-v1.0.0-ttn-us915-default-clk16-serboth-mcci_test/boot/arm-none-eabi/release/libmcci_bootloader_catena4801.a(mccibootloaderboard_catena4801_platforminterface.o)
 .ARM.attributes
                0x00000000000002dc       0x32 /home/dhinesh/MCCI-IoT/Wakefield/20220408/COLLECTION-fed3wan/build/Catena4610_FED3-v1.0.0-ttn-us915-default-clk16-serboth-mcci_test/boot/arm-none-eabi/release/libmcci_bootloader_catena4801.a(mccibootloaderboard_catena4801_storageinit.o)
 .ARM.attributes
                0x000000000000030e       0x32 /home/dhinesh/MCCI-IoT/Wakefield/20220408/COLLECTION-fed3wan/build/Catena4610_FED3-v1.0.0-ttn-us915-default-clk16-serboth-mcci_test/boot/arm-none-eabi/release/libmcci_bootloader_stm32l0.a(mccibootloader_stm32l0_systemflash.o)
 .ARM.attributes
                0x0000000000000340       0x32 /home/dhinesh/MCCI-IoT/Wakefield/20220408/COLLECTION-fed3wan/build/Catena4610_FED3-v1.0.0-ttn-us915-default-clk16-serboth-mcci_test/boot/arm-none-eabi/release/libmcci_bootloader_catena_abz.a(mccibootloaderboard_catenaabz_annunciator.o)
 .ARM.attributes